Archive member included to satisfy reference by file (symbol)

D:/STM32CubeIDE_1.15.1/STM32CubeIDE/plugins/com.st.stm32cube.ide.mcu.externaltools.gnu-tools-for-stm32.12.3.rel1.win32_1.0.200.202406191623/tools/bin/../lib/gcc/arm-none-eabi/12.3.1/../../../../arm-none-eabi/lib/thumb/v7-m/nofp\libc_nano.a(libc_a-exit.o)
                              D:/STM32CubeIDE_1.15.1/STM32CubeIDE/plugins/com.st.stm32cube.ide.mcu.externaltools.gnu-tools-for-stm32.12.3.rel1.win32_1.0.200.202406191623/tools/bin/../lib/gcc/arm-none-eabi/12.3.1/../../../../arm-none-eabi/lib/thumb/v7-m/nofp/crt0.o (exit)
D:/STM32CubeIDE_1.15.1/STM32CubeIDE/plugins/com.st.stm32cube.ide.mcu.externaltools.gnu-tools-for-stm32.12.3.rel1.win32_1.0.200.202406191623/tools/bin/../lib/gcc/arm-none-eabi/12.3.1/../../../../arm-none-eabi/lib/thumb/v7-m/nofp\libc_nano.a(libc_a-nano-vfprintf_float.o)
                              (_printf_float)
D:/STM32CubeIDE_1.15.1/STM32CubeIDE/plugins/com.st.stm32cube.ide.mcu.externaltools.gnu-tools-for-stm32.12.3.rel1.win32_1.0.200.202406191623/tools/bin/../lib/gcc/arm-none-eabi/12.3.1/../../../../arm-none-eabi/lib/thumb/v7-m/nofp\libc_nano.a(libc_a-nano-vfprintf_i.o)
                              D:/STM32CubeIDE_1.15.1/STM32CubeIDE/plugins/com.st.stm32cube.ide.mcu.externaltools.gnu-tools-for-stm32.12.3.rel1.win32_1.0.200.202406191623/tools/bin/../lib/gcc/arm-none-eabi/12.3.1/../../../../arm-none-eabi/lib/thumb/v7-m/nofp\libc_nano.a(libc_a-nano-vfprintf_float.o) (_printf_common)
D:/STM32CubeIDE_1.15.1/STM32CubeIDE/plugins/com.st.stm32cube.ide.mcu.externaltools.gnu-tools-for-stm32.12.3.rel1.win32_1.0.200.202406191623/tools/bin/../lib/gcc/arm-none-eabi/12.3.1/../../../../arm-none-eabi/lib/thumb/v7-m/nofp\libc_nano.a(libc_a-findfp.o)
                              D:/STM32CubeIDE_1.15.1/STM32CubeIDE/plugins/com.st.stm32cube.ide.mcu.externaltools.gnu-tools-for-stm32.12.3.rel1.win32_1.0.200.202406191623/tools/bin/../lib/gcc/arm-none-eabi/12.3.1/../../../../arm-none-eabi/lib/thumb/v7-m/nofp\libc_nano.a(libc_a-exit.o) (__stdio_exit_handler)
D:/STM32CubeIDE_1.15.1/STM32CubeIDE/plugins/com.st.stm32cube.ide.mcu.externaltools.gnu-tools-for-stm32.12.3.rel1.win32_1.0.200.202406191623/tools/bin/../lib/gcc/arm-none-eabi/12.3.1/../../../../arm-none-eabi/lib/thumb/v7-m/nofp\libc_nano.a(libc_a-fwalk.o)
                              D:/STM32CubeIDE_1.15.1/STM32CubeIDE/plugins/com.st.stm32cube.ide.mcu.externaltools.gnu-tools-for-stm32.12.3.rel1.win32_1.0.200.202406191623/tools/bin/../lib/gcc/arm-none-eabi/12.3.1/../../../../arm-none-eabi/lib/thumb/v7-m/nofp\libc_nano.a(libc_a-findfp.o) (_fwalk_sglue)
D:/STM32CubeIDE_1.15.1/STM32CubeIDE/plugins/com.st.stm32cube.ide.mcu.externaltools.gnu-tools-for-stm32.12.3.rel1.win32_1.0.200.202406191623/tools/bin/../lib/gcc/arm-none-eabi/12.3.1/../../../../arm-none-eabi/lib/thumb/v7-m/nofp\libc_nano.a(libc_a-sprintf.o)
                              ./Core/Src/main.o (sprintf)
D:/STM32CubeIDE_1.15.1/STM32CubeIDE/plugins/com.st.stm32cube.ide.mcu.externaltools.gnu-tools-for-stm32.12.3.rel1.win32_1.0.200.202406191623/tools/bin/../lib/gcc/arm-none-eabi/12.3.1/../../../../arm-none-eabi/lib/thumb/v7-m/nofp\libc_nano.a(libc_a-stdio.o)
                              D:/STM32CubeIDE_1.15.1/STM32CubeIDE/plugins/com.st.stm32cube.ide.mcu.externaltools.gnu-tools-for-stm32.12.3.rel1.win32_1.0.200.202406191623/tools/bin/../lib/gcc/arm-none-eabi/12.3.1/../../../../arm-none-eabi/lib/thumb/v7-m/nofp\libc_nano.a(libc_a-findfp.o) (__sread)
D:/STM32CubeIDE_1.15.1/STM32CubeIDE/plugins/com.st.stm32cube.ide.mcu.externaltools.gnu-tools-for-stm32.12.3.rel1.win32_1.0.200.202406191623/tools/bin/../lib/gcc/arm-none-eabi/12.3.1/../../../../arm-none-eabi/lib/thumb/v7-m/nofp\libc_nano.a(libc_a-memcmp.o)
                              ./Core/Src/inv_mpu.o (memcmp)
D:/STM32CubeIDE_1.15.1/STM32CubeIDE/plugins/com.st.stm32cube.ide.mcu.externaltools.gnu-tools-for-stm32.12.3.rel1.win32_1.0.200.202406191623/tools/bin/../lib/gcc/arm-none-eabi/12.3.1/../../../../arm-none-eabi/lib/thumb/v7-m/nofp\libc_nano.a(libc_a-memset.o)
                              D:/STM32CubeIDE_1.15.1/STM32CubeIDE/plugins/com.st.stm32cube.ide.mcu.externaltools.gnu-tools-for-stm32.12.3.rel1.win32_1.0.200.202406191623/tools/bin/../lib/gcc/arm-none-eabi/12.3.1/../../../../arm-none-eabi/lib/thumb/v7-m/nofp/crt0.o (memset)
D:/STM32CubeIDE_1.15.1/STM32CubeIDE/plugins/com.st.stm32cube.ide.mcu.externaltools.gnu-tools-for-stm32.12.3.rel1.win32_1.0.200.202406191623/tools/bin/../lib/gcc/arm-none-eabi/12.3.1/../../../../arm-none-eabi/lib/thumb/v7-m/nofp\libc_nano.a(libc_a-localeconv.o)
                              D:/STM32CubeIDE_1.15.1/STM32CubeIDE/plugins/com.st.stm32cube.ide.mcu.externaltools.gnu-tools-for-stm32.12.3.rel1.win32_1.0.200.202406191623/tools/bin/../lib/gcc/arm-none-eabi/12.3.1/../../../../arm-none-eabi/lib/thumb/v7-m/nofp\libc_nano.a(libc_a-nano-vfprintf_float.o) (_localeconv_r)
[...]
Memory Configuration

Name             Origin             Length             Attributes
RAM              0x20000000         0x00005000         xrw
FLASH            0x08000000         0x00010000         xr
*default*        0x00000000         0xffffffff

Linker script and memory map

LOAD D:/STM32CubeIDE_1.15.1/STM32CubeIDE/plugins/com.st.stm32cube.ide.mcu.externaltools.gnu-tools-for-stm32.12.3.rel1.win32_1.0.200.202406191623/tools/bin/../lib/gcc/arm-none-eabi/12.3.1/thumb/v7-m/nofp/crti.o
LOAD D:/STM32CubeIDE_1.15.1/STM32CubeIDE/plugins/com.st.stm32cube.ide.mcu.externaltools.gnu-tools-for-stm32.12.3.rel1.win32_1.0.200.202406191623/tools/bin/../lib/gcc/arm-none-eabi/12.3.1/thumb/v7-m/nofp/crtbegin.o
LOAD D:/STM32CubeIDE_1.15.1/STM32CubeIDE/plugins/com.st.stm32cube.ide.mcu.externaltools.gnu-tools-for-stm32.12.3.rel1.win32_1.0.200.202406191623/tools/bin/../lib/gcc/arm-none-eabi/12.3.1/../../../../arm-none-eabi/lib/thumb/v7-m/nofp/crt0.o
LOAD ./Core/Src/IIC.o
LOAD ./Core/Src/encoder.o
LOAD ./Core/Src/inv_mpu.o
LOAD ./Core/Src/inv_mpu_dmp_motion_driver.o
LOAD ./Core/Src/main.o
LOAD ./Core/Src/motor.o
LOAD ./Core/Src/mpu6050.o
LOAD ./Core/Src/oled.o
LOAD ./Core/Src/pid.o
LOAD ./Core/Src/sr04.o
LOAD ./Core/Src/stm32f1xx_hal_msp.o
LOAD ./Core/Src/stm32f1xx_it.o
LOAD ./Core/Src/syscalls.o
LOAD ./Core/Src/sysmem.o
LOAD ./Core/Src/system_stm32f1xx.o
LOAD ./Core/Startup/startup_stm32f103c8tx.o
LOAD ./Drivers/STM32F1xx_HAL_Driver/Src/stm32f1xx_hal.o
LOAD ./Drivers/STM32F1xx_HAL_Driver/Src/stm32f1xx_hal_cortex.o
LOAD ./Drivers/STM32F1xx_HAL_Driver/Src/stm32f1xx_hal_dma.o
LOAD ./Drivers/STM32F1xx_HAL_Driver/Src/stm32f1xx_hal_exti.o
LOAD ./Drivers/STM32F1xx_HAL_Driver/Src/stm32f1xx_hal_flash.o
LOAD ./Drivers/STM32F1xx_HAL_Driver/Src/stm32f1xx_hal_flash_ex.o
LOAD ./Drivers/STM32F1xx_HAL_Driver/Src/stm32f1xx_hal_gpio.o
LOAD ./Drivers/STM32F1xx_HAL_Driver/Src/stm32f1xx_hal_gpio_ex.o
LOAD ./Drivers/STM32F1xx_HAL_Driver/Src/stm32f1xx_hal_i2c.o
LOAD ./Drivers/STM32F1xx_HAL_Driver/Src/stm32f1xx_hal_pwr.o
LOAD ./Drivers/STM32F1xx_HAL_Driver/Src/stm32f1xx_hal_rcc.o
LOAD ./Drivers/STM32F1xx_HAL_Driver/Src/stm32f1xx_hal_rcc_ex.o
LOAD ./Drivers/STM32F1xx_HAL_Driver/Src/stm32f1xx_hal_tim.o
LOAD ./Drivers/STM32F1xx_HAL_Driver/Src/stm32f1xx_hal_tim_ex.o
LOAD ./Drivers/STM32F1xx_HAL_Driver/Src/stm32f1xx_hal_uart.o
START GROUP
LOAD D:/STM32CubeIDE_1.15.1/STM32CubeIDE/plugins/com.st.stm32cube.ide.mcu.externaltools.gnu-tools-for-stm32.12.3.rel1.win32_1.0.200.202406191623/tools/bin/../lib/gcc/arm-none-eabi/12.3.1/../../../../arm-none-eabi/lib/thumb/v7-m/nofp\libc_nano.a
LOAD D:/STM32CubeIDE_1.15.1/STM32CubeIDE/plugins/com.st.stm32cube.ide.mcu.externaltools.gnu-tools-for-stm32.12.3.rel1.win32_1.0.200.202406191623/tools/bin/../lib/gcc/arm-none-eabi/12.3.1/../../../../arm-none-eabi/lib/thumb/v7-m/nofp\libm.a
END GROUP
START GROUP
LOAD D:/STM32CubeIDE_1.15.1/STM32CubeIDE/plugins/com.st.stm32cube.ide.mcu.externaltools.gnu-tools-for-stm32.12.3.rel1.win32_1.0.200.202406191623/tools/bin/../lib/gcc/arm-none-eabi/12.3.1/thumb/v7-m/nofp\libgcc.a
LOAD D:/STM32CubeIDE_1.15.1/STM32CubeIDE/plugins/com.st.stm32cube.ide.mcu.externaltools.gnu-tools-for-stm32.12.3.rel1.win32_1.0.200.202406191623/tools/bin/../lib/gcc/arm-none-eabi/12.3.1/../../../../arm-none-eabi/lib/thumb/v7-m/nofp\libc_nano.a
END GROUP
START GROUP
LOAD D:/STM32CubeIDE_1.15.1/STM32CubeIDE/plugins/com.st.stm32cube.ide.mcu.externaltools.gnu-tools-for-stm32.12.3.rel1.win32_1.0.200.202406191623/tools/bin/../lib/gcc/arm-none-eabi/12.3.1/thumb/v7-m/nofp\libgcc.a
LOAD D:/STM32CubeIDE_1.15.1/STM32CubeIDE/plugins/com.st.stm32cube.ide.mcu.externaltools.gnu-tools-for-stm32.12.3.rel1.win32_1.0.200.202406191623/tools/bin/../lib/gcc/arm-none-eabi/12.3.1/../../../../arm-none-eabi/lib/thumb/v7-m/nofp\libc_nano.a
LOAD D:/STM32CubeIDE_1.15.1/STM32CubeIDE/plugins/com.st.stm32cube.ide.mcu.externaltools.gnu-tools-for-stm32.12.3.rel1.win32_1.0.200.202406191623/tools/bin/../lib/gcc/arm-none-eabi/12.3.1/../../../../arm-none-eabi/lib/thumb/v7-m/nofp\libnosys.a
END GROUP
START GROUP
LOAD D:/STM32CubeIDE_1.15.1/STM32CubeIDE/plugins/com.st.stm32cube.ide.mcu.externaltools.gnu-tools-for-stm32.12.3.rel1.win32_1.0.200.202406191623/tools/bin/../lib/gcc/arm-none-eabi/12.3.1/thumb/v7-m/nofp\libgcc.a
LOAD D:/STM32CubeIDE_1.15.1/STM32CubeIDE/plugins/com.st.stm32cube.ide.mcu.externaltools.gnu-tools-for-stm32.12.3.rel1.win32_1.0.200.202406191623/tools/bin/../lib/gcc/arm-none-eabi/12.3.1/../../../../arm-none-eabi/lib/thumb/v7-m/nofp\libc_nano.a
LOAD D:/STM32CubeIDE_1.15.1/STM32CubeIDE/plugins/com.st.stm32cube.ide.mcu.externaltools.gnu-tools-for-stm32.12.3.rel1.win32_1.0.200.202406191623/tools/bin/../lib/gcc/arm-none-eabi/12.3.1/../../../../arm-none-eabi/lib/thumb/v7-m/nofp\libnosys.a
END GROUP
LOAD D:/STM32CubeIDE_1.15.1/STM32CubeIDE/plugins/com.st.stm32cube.ide.mcu.externaltools.gnu-tools-for-stm32.12.3.rel1.win32_1.0.200.202406191623/tools/bin/../lib/gcc/arm-none-eabi/12.3.1/thumb/v7-m/nofp/crtend.o
LOAD D:/STM32CubeIDE_1.15.1/STM32CubeIDE/plugins/com.st.stm32cube.ide.mcu.externaltools.gnu-tools-for-stm32.12.3.rel1.win32_1.0.200.202406191623/tools/bin/../lib/gcc/arm-none-eabi/12.3.1/thumb/v7-m/nofp/crtn.o
                0x20005000                        _estack = (ORIGIN (RAM) + LENGTH (RAM))
                0x00000200                        _Min_Heap_Size = 0x200
                0x00000400                        _Min_Stack_Size = 0x400

.isr_vector     0x08000000      0x10c
                0x08000000                        . = ALIGN (0x4)
 *(.isr_vector)
 .isr_vector    0x08000000      0x10c ./Core/Startup/startup_stm32f103c8tx.o
                0x08000000                g_pfnVectors
                0x0800010c                        . = ALIGN (0x4)

.text           0x08000110     0xa9e4
                0x08000110                        . = ALIGN (0x4)
 *(.text)
 .text          0x08000110       0x40 D:/STM32CubeIDE_1.15.1/STM32CubeIDE/plugins/com.st.stm32cube.ide.mcu.externaltools.gnu-tools-for-stm32.12.3.rel1.win32_1.0.200.202406191623/tools/bin/../lib/gcc/arm-none-eabi/12.3.1/thumb/v7-m/nofp/crtbegin.o
 .text          0x08000150       0x10 D:/STM32CubeIDE_1.15.1/STM32CubeIDE/plugins/com.st.stm32cube.ide.mcu.externaltools.gnu-tools-for-stm32.12.3.rel1.win32_1.0.200.202406191623/tools/bin/../lib/gcc/arm-none-eabi/12.3.1/../../../../arm-none-eabi/lib/thumb/v7-m/nofp\libc_nano.a(libc_a-strlen.o)
                0x08000150                strlen
 .text          0x08000160      0x378 D:/STM32CubeIDE_1.15.1/STM32CubeIDE/plugins/com.st.stm32cube.ide.mcu.externaltools.gnu-tools-for-stm32.12.3.rel1.win32_1.0.200.202406191623/tools/bin/../lib/gcc/arm-none-eabi/12.3.1/thumb/v7-m/nofp\libgcc.a(_arm_addsubdf3.o)
                0x08000160                __aeabi_drsub
                0x08000168                __aeabi_dsub
                0x08000168                __subdf3
                0x0800016c                __aeabi_dadd
                0x0800016c                __adddf3
                0x080003e4                __floatunsidf
                0x080003e4                __aeabi_ui2d
                0x08000404                __floatsidf
                0x08000404                __aeabi_i2d
                0x08000428                __aeabi_f2d
                0x08000428                __extendsfdf2
                0x0800046c                __floatundidf
                0x0800046c                __aeabi_ul2d
                0x0800047c                __floatdidf
                0x0800047c                __aeabi_l2d
 .text          0x080004d8      0x424 D:/STM32CubeIDE_1.15.1/STM32CubeIDE/plugins/com.st.stm32cube.ide.mcu.externaltools.gnu-tools-for-stm32.12.3.rel1.win32_1.0.200.202406191623/tools/bin/../lib/gcc/arm-none-eabi/12.3.1/thumb/v7-m/nofp\libgcc.a(_arm_muldivdf3.o)
                0x080004d8                __aeabi_dmul
                0x080004d8                __muldf3
                0x0800072c                __divdf3
                0x0800072c                __aeabi_ddiv
 .text          0x080008fc      0x110 D:/STM32CubeIDE_1.15.1/STM32CubeIDE/plugins/com.st.stm32cube.ide.mcu.externaltools.gnu-tools-for-stm32.12.3.rel1.win32_1.0.200.202406191623/tools/bin/../lib/gcc/arm-none-eabi/12.3.1/thumb/v7-m/nofp\libgcc.a(_arm_cmpdf2.o)
                0x080008fc                __gtdf2
                0x080008fc                __gedf2
                0x08000904                __ltdf2
                0x08000904                __ledf2
                0x0800090c                __nedf2
                0x0800090c                __eqdf2
                0x0800090c                __cmpdf2
                0x08000988                __aeabi_cdrcmple
                0x08000998                __aeabi_cdcmpeq
                0x08000998                __aeabi_cdcmple
                0x080009a8                __aeabi_dcmpeq
                0x080009bc                __aeabi_dcmplt
                0x080009d0                __aeabi_dcmple
                0x080009e4                __aeabi_dcmpge
                0x080009f8                __aeabi_dcmpgt
 .text          0x08000a0c       0x2c D:/STM32CubeIDE_1.15.1/STM32CubeIDE/plugins/com.st.stm32cube.ide.mcu.externaltools.gnu-tools-for-stm32.12.3.rel1.win32_1.0.200.202406191623/tools/bin/../lib/gcc/arm-none-eabi/12.3.1/thumb/v7-m/nofp\libgcc.a(_arm_unorddf2.o)
                0x08000a0c                __unorddf2
                0x08000a0c                __aeabi_dcmpun
 .text          0x08000a38       0x50 D:/STM32CubeIDE_1.15.1/STM32CubeIDE/plugins/com.st.stm32cube.ide.mcu.externaltools.gnu-tools-for-stm32.12.3.rel1.win32_1.0.200.202406191623/tools/bin/../lib/gcc/arm-none-eabi/12.3.1/thumb/v7-m/nofp\libgcc.a(_arm_fixdfsi.o)
                0x08000a38                __aeabi_d2iz
                0x08000a38                __fixdfsi
 .text          0x08000a88       0xa0 D:/STM32CubeIDE_1.15.1/STM32CubeIDE/plugins/com.st.stm32cube.ide.mcu.externaltools.gnu-tools-for-stm32.12.3.rel1.win32_1.0.200.202406191623/tools/bin/../lib/gcc/arm-none-eabi/12.3.1/thumb/v7-m/nofp\libgcc.a(_arm_truncdfsf2.o)
                0x08000a88                __truncdfsf2
                0x08000a88                __aeabi_d2f
 .text          0x08000b28      0x21c D:/STM32CubeIDE_1.15.1/STM32CubeIDE/plugins/com.st.stm32cube.ide.mcu.externaltools.gnu-tools-for-stm32.12.3.rel1.win32_1.0.200.202406191623/tools/bin/../lib/gcc/arm-none-eabi/12.3.1/thumb/v7-m/nofp\libgcc.a(_arm_addsubsf3.o)
                0x08000b28                __aeabi_frsub
                0x08000b30                __subsf3
                0x08000b30                __aeabi_fsub
                0x08000b34                __aeabi_fadd
                0x08000b34                __addsf3
                0x08000c94                __aeabi_ui2f
                0x08000c94                __floatunsisf
                0x08000c9c                __aeabi_i2f
                0x08000c9c                __floatsisf
                0x08000cb8                __aeabi_ul2f
                0x08000cb8                __floatundisf
                0x08000cc8                __aeabi_l2f
                0x08000cc8                __floatdisf
 .text          0x08000d44      0x2a0 D:/STM32CubeIDE_1.15.1/STM32CubeIDE/plugins/com.st.stm32cube.ide.mcu.externaltools.gnu-tools-for-stm32.12.3.rel1.win32_1.0.200.202406191623/tools/bin/../lib/gcc/arm-none-eabi/12.3.1/thumb/v7-m/nofp\libgcc.a(_arm_muldivsf3.o)
                0x08000d44                __mulsf3
                0x08000d44                __aeabi_fmul
                0x08000eac                __aeabi_fdiv
                0x08000eac                __divsf3
 .text          0x08000fe4       0xec D:/STM32CubeIDE_1.15.1/STM32CubeIDE/plugins/com.st.stm32cube.ide.mcu.externaltools.gnu-tools-for-stm32.12.3.rel1.win32_1.0.200.202406191623/tools/bin/../lib/gcc/arm-none-eabi/12.3.1/thumb/v7-m/nofp\libgcc.a(_arm_cmpsf2.o)
                0x08000fe4                __gesf2
                0x08000fe4                __gtsf2
                0x08000fec                __lesf2
                0x08000fec                __ltsf2
                0x08000ff4                __nesf2
                0x08000ff4                __eqsf2
                0x08000ff4                __cmpsf2
                0x08001054                __aeabi_cfrcmple
                0x0800105c                __aeabi_cfcmpeq
                0x0800105c                __aeabi_cfcmple
                0x0800106c                __aeabi_fcmpeq
                0x08001080                __aeabi_fcmplt
                0x08001094                __aeabi_fcmple
                0x080010a8                __aeabi_fcmpge
                0x080010bc                __aeabi_fcmpgt
 .text          0x080010d0       0x4c D:/STM32CubeIDE_1.15.1/STM32CubeIDE/plugins/com.st.stm32cube.ide.mcu.externaltools.gnu-tools-for-stm32.12.3.rel1.win32_1.0.200.202406191623/tools/bin/../lib/gcc/arm-none-eabi/12.3.1/thumb/v7-m/nofp\libgcc.a(_arm_fixsfsi.o)
                0x080010d0                __aeabi_f2iz
                0x080010d0                __fixsfsi
 .text          0x0800111c       0x40 D:/STM32CubeIDE_1.15.1/STM32CubeIDE/plugins/com.st.stm32cube.ide.mcu.externaltools.gnu-tools-for-stm32.12.3.rel1.win32_1.0.200.202406191623/tools/bin/../lib/gcc/arm-none-eabi/12.3.1/thumb/v7-m/nofp\libgcc.a(_arm_fixunssfsi.o)
                0x0800111c                __fixunssfsi
                0x0800111c                __aeabi_f2uiz
 .text          0x0800115c       0xa0 D:/STM32CubeIDE_1.15.1/STM32CubeIDE/plugins/com.st.stm32cube.ide.mcu.externaltools.gnu-tools-for-stm32.12.3.rel1.win32_1.0.200.202406191623/tools/bin/../lib/gcc/arm-none-eabi/12.3.1/thumb/v7-m/nofp\libgcc.a(_aeabi_ldivmod.o)
                0x0800115c                __aeabi_ldivmod
 .text          0x080011fc      0x2b8 D:/STM32CubeIDE_1.15.1/STM32CubeIDE/plugins/com.st.stm32cube.ide.mcu.externaltools.gnu-tools-for-stm32.12.3.rel1.win32_1.0.200.202406191623/tools/bin/../lib/gcc/arm-none-eabi/12.3.1/thumb/v7-m/nofp\libgcc.a(_udivmoddi4.o)
                0x080011fc                __udivmoddi4
 .text          0x080014b4        0x4 D:/STM32CubeIDE_1.15.1/STM32CubeIDE/plugins/com.st.stm32cube.ide.mcu.externaltools.gnu-tools-for-stm32.12.3.rel1.win32_1.0.200.202406191623/tools/bin/../lib/gcc/arm-none-eabi/12.3.1/thumb/v7-m/nofp\libgcc.a(_dvmd_tls.o)
                0x080014b4                __aeabi_idiv0
                0x080014b4                __aeabi_ldiv0
 *(.text*)
 .text.IIC_Start
                0x080014b8       0x34 ./Core/Src/IIC.o
                0x080014b8                IIC_Start
 .text.IIC_Stop
                0x080014ec       0x2c ./Core/Src/IIC.o
                0x080014ec                IIC_Stop
 .text.IIC_Send_Byte
                0x08001518       0x4c ./Core/Src/IIC.o
                0x08001518                IIC_Send_Byte
 .text.IIC_Wait_Ack
                0x08001564       0x38 ./Core/Src/IIC.o
                0x08001564                IIC_Wait_Ack
 .text.IIC_Ack  0x0800159c       0x34 ./Core/Src/IIC.o
                0x0800159c                IIC_Ack
 .text.IIC_NAck
                0x080015d0       0x2c ./Core/Src/IIC.o
                0x080015d0                IIC_NAck
 .text.IIC_Read_Byte
                0x080015fc       0x4c ./Core/Src/IIC.o
                0x080015fc                IIC_Read_Byte
 .text.IIC_GPIO_Init
                0x08001648       0x3c ./Core/Src/IIC.o
                0x08001648                IIC_GPIO_Init
 .text.Get_Speed
                0x08001684        0xc ./Core/Src/encoder.o
                0x08001684                Get_Speed
 .text.get_st_biases
                0x08001690      0x348 ./Core/Src/inv_mpu.o
 .text.set_int_enable.isra.0
                0x080019d8       0x44 ./Core/Src/inv_mpu.o
 .text.mpu_reset_fifo
                0x08001a1c      0x170 ./Core/Src/inv_mpu.o
                0x08001a1c                mpu_reset_fifo
 .text.mpu_get_gyro_fsr
                0x08001b8c       0x34 ./Core/Src/inv_mpu.o
                0x08001b8c                mpu_get_gyro_fsr
 .text.mpu_set_gyro_fsr
                0x08001bc0       0x68 ./Core/Src/inv_mpu.o
                0x08001bc0                mpu_set_gyro_fsr
 .text.mpu_get_accel_fsr
                0x08001c28       0x38 ./Core/Src/inv_mpu.o
                0x08001c28                mpu_get_accel_fsr
 .text.mpu_set_accel_fsr
                0x08001c60       0x64 ./Core/Src/inv_mpu.o
                0x08001c60                mpu_set_accel_fsr
 .text.mpu_get_lpf
                0x08001cc4       0x38 ./Core/Src/inv_mpu.o
                0x08001cc4                mpu_get_lpf
 .text.mpu_set_lpf
                0x08001cfc       0x68 ./Core/Src/inv_mpu.o
                0x08001cfc                mpu_set_lpf
 .text.mpu_get_sample_rate
                0x08001d64       0x1c ./Core/Src/inv_mpu.o
                0x08001d64                mpu_get_sample_rate
 .text.mpu_get_gyro_sens
                0x08001d80       0x40 ./Core/Src/inv_mpu.o
                0x08001d80                mpu_get_gyro_sens
 .text.mpu_get_accel_sens
                0x08001dc0       0x40 ./Core/Src/inv_mpu.o
                0x08001dc0                mpu_get_accel_sens
 .text.mpu_configure_fifo
                0x08001e00       0x50 ./Core/Src/inv_mpu.o
                0x08001e00                mpu_configure_fifo
 .text.mpu_read_fifo_stream
                0x08001e50       0x90 ./Core/Src/inv_mpu.o
                0x08001e50                mpu_read_fifo_stream
 .text.mpu_set_bypass
                0x08001ee0       0xec ./Core/Src/inv_mpu.o
                0x08001ee0                mpu_set_bypass
 .text.mpu_set_int_latched
                0x08001fcc       0x60 ./Core/Src/inv_mpu.o
                0x08001fcc                mpu_set_int_latched
 .text.mpu_lp_accel_mode
                0x0800202c       0xac ./Core/Src/inv_mpu.o
                0x0800202c                mpu_lp_accel_mode
 .text.mpu_set_sample_rate
                0x080020d8       0x80 ./Core/Src/inv_mpu.o
                0x080020d8                mpu_set_sample_rate
 .text.mpu_set_sensors
                0x08002158       0xc0 ./Core/Src/inv_mpu.o
                0x08002158                mpu_set_sensors
 .text.mpu_init
                0x08002218      0x124 ./Core/Src/inv_mpu.o
                0x08002218                mpu_init
 .text.mpu_write_mem
                0x0800233c       0x5c ./Core/Src/inv_mpu.o
                0x0800233c                mpu_write_mem
 .text.mpu_read_mem
                0x08002398       0x5c ./Core/Src/inv_mpu.o
                0x08002398                mpu_read_mem
 .text.mpu_load_firmware
                0x080023f4       0x9c ./Core/Src/inv_mpu.o
                0x080023f4                mpu_load_firmware
 .text.mpu_set_dmp_state
                0x08002490       0x7c ./Core/Src/inv_mpu.o
                0x08002490                mpu_set_dmp_state
 .text.mpu_run_self_test
                0x0800250c      0x2fc ./Core/Src/inv_mpu.o
                0x0800250c                mpu_run_self_test
 .text.run_self_test
                0x08002808       0x82 ./Core/Src/inv_mpu.o
                0x08002808                run_self_test
 .text.inv_row_2_scale
                0x0800288a       0x3a ./Core/Src/inv_mpu.o
                0x0800288a                inv_row_2_scale
 .text.inv_orientation_matrix_to_scalar
                0x080028c4       0x24 ./Core/Src/inv_mpu.o
                0x080028c4                inv_orientation_matrix_to_scalar
 .text.mget_ms  0x080028e8        0x2 ./Core/Src/inv_mpu.o
                0x080028e8                mget_ms
 *fill*         0x080028ea        0x2 
 .text.mpu_dmp_init
                0x080028ec       0x94 ./Core/Src/inv_mpu.o
                0x080028ec                mpu_dmp_init
 .text.mpu_dmp_get_data
                0x08002980      0x1c8 ./Core/Src/inv_mpu.o
                0x08002980                mpu_dmp_get_data
 .text.dmp_enable_gyro_cal.part.0
                0x08002b48       0x28 ./Core/Src/inv_mpu_dmp_motion_driver.o
 .text.dmp_load_motion_driver_firmware
                0x08002b70       0x14 ./Core/Src/inv_mpu_dmp_motion_driver.o
                0x08002b70                dmp_load_motion_driver_firmware
 .text.dmp_set_orientation
                0x08002b84      0x140 ./Core/Src/inv_mpu_dmp_motion_driver.o
                0x08002b84                dmp_set_orientation
 .text.dmp_set_gyro_bias
                0x08002cc4       0x98 ./Core/Src/inv_mpu_dmp_motion_driver.o
                0x08002cc4                dmp_set_gyro_bias
 .text.dmp_set_accel_bias
                0x08002d5c       0x98 ./Core/Src/inv_mpu_dmp_motion_driver.o
                0x08002d5c                dmp_set_accel_bias
 .text.dmp_set_fifo_rate
                0x08002df4       0x60 ./Core/Src/inv_mpu_dmp_motion_driver.o
                0x08002df4                dmp_set_fifo_rate
 .text.dmp_set_tap_thresh
                0x08002e54      0x138 ./Core/Src/inv_mpu_dmp_motion_driver.o
                0x08002e54                dmp_set_tap_thresh
 .text.dmp_set_tap_axes
                0x08002f8c       0x46 ./Core/Src/inv_mpu_dmp_motion_driver.o
                0x08002f8c                dmp_set_tap_axes
 .text.dmp_set_tap_count
                0x08002fd2       0x28 ./Core/Src/inv_mpu_dmp_motion_driver.o
                0x08002fd2                dmp_set_tap_count
 .text.dmp_set_tap_time
                0x08002ffa       0x20 ./Core/Src/inv_mpu_dmp_motion_driver.o
                0x08002ffa                dmp_set_tap_time
 .text.dmp_set_tap_time_multi
                0x0800301a       0x20 ./Core/Src/inv_mpu_dmp_motion_driver.o
                0x0800301a                dmp_set_tap_time_multi
 .text.dmp_set_shake_reject_thresh
                0x0800303a       0x22 ./Core/Src/inv_mpu_dmp_motion_driver.o
                0x0800303a                dmp_set_shake_reject_thresh
 .text.dmp_set_shake_reject_time
                0x0800305c       0x20 ./Core/Src/inv_mpu_dmp_motion_driver.o
                0x0800305c                dmp_set_shake_reject_time
 .text.dmp_set_shake_reject_timeout
                0x0800307c       0x20 ./Core/Src/inv_mpu_dmp_motion_driver.o
                0x0800307c                dmp_set_shake_reject_timeout
 .text.dmp_enable_gyro_cal
                0x0800309c       0x34 ./Core/Src/inv_mpu_dmp_motion_driver.o
                0x0800309c                dmp_enable_gyro_cal
 .text.dmp_enable_lp_quat
                0x080030d0       0x28 ./Core/Src/inv_mpu_dmp_motion_driver.o
                0x080030d0                dmp_enable_lp_quat
 .text.dmp_enable_6x_lp_quat
                0x080030f8       0x28 ./Core/Src/inv_mpu_dmp_motion_driver.o
                0x080030f8                dmp_enable_6x_lp_quat
 .text.dmp_enable_feature
                0x08003120      0x1b4 ./Core/Src/inv_mpu_dmp_motion_driver.o
                0x08003120                dmp_enable_feature
 .text.dmp_read_fifo
                0x080032d4      0x160 ./Core/Src/inv_mpu_dmp_motion_driver.o
                0x080032d4                dmp_read_fifo
 .text.HAL_GPIO_EXTI_Callback
                0x08003434       0x68 ./Core/Src/main.o
                0x08003434                HAL_GPIO_EXTI_Callback
 .text.HAL_IncTick
                0x0800349c       0x38 ./Core/Src/main.o
                0x0800349c                HAL_IncTick
 .text.Sensor_Display
                0x080034d4      0x198 ./Core/Src/main.o
                0x080034d4                Sensor_Display
 .text.Parameter_Display
                0x0800366c      0x1a4 ./Core/Src/main.o
                0x0800366c                Parameter_Display
 .text.State_Display
                0x08003810       0xf4 ./Core/Src/main.o
                0x08003810                State_Display
 .text.SystemClock_Config
                0x08003904       0x5e ./Core/Src/main.o
                0x08003904                SystemClock_Config
 *fill*         0x08003962        0x2 
 .text.startup.main
                0x08003964      0x458 ./Core/Src/main.o
                0x08003964                main
 .text.Error_Handler
                0x08003dbc        0x4 ./Core/Src/main.o
                0x08003dbc                Error_Handler
 .text.Duty_motor
                0x08003dc0       0x9c ./Core/Src/motor.o
                0x08003dc0                Duty_motor
 .text.MPU_Write_Len
                0x08003e5c       0x52 ./Core/Src/mpu6050.o
                0x08003e5c                MPU_Write_Len
 .text.MPU_Read_Len
                0x08003eae       0x62 ./Core/Src/mpu6050.o
                0x08003eae                MPU_Read_Len
 .text.MPU_Get_Gyroscope
                0x08003f10       0x32 ./Core/Src/mpu6050.o
                0x08003f10                MPU_Get_Gyroscope
 .text.MPU_Get_Accelerometer
                0x08003f42       0x32 ./Core/Src/mpu6050.o
                0x08003f42                MPU_Get_Accelerometer
 .text.MPU_Write_Byte
                0x08003f74       0x40 ./Core/Src/mpu6050.o
                0x08003f74                MPU_Write_Byte
 .text.MPU_Set_Gyro_Fsr
                0x08003fb4        0xc ./Core/Src/mpu6050.o
                0x08003fb4                MPU_Set_Gyro_Fsr
 .text.MPU_Set_Accel_Fsr
                0x08003fc0        0xc ./Core/Src/mpu6050.o
                0x08003fc0                MPU_Set_Accel_Fsr
 .text.MPU_Set_LPF
                0x08003fcc       0x2e ./Core/Src/mpu6050.o
                0x08003fcc                MPU_Set_LPF
 .text.MPU_Set_Rate
                0x08003ffa       0x30 ./Core/Src/mpu6050.o
                0x08003ffa                MPU_Set_Rate
 .text.MPU_Read_Byte
                0x0800402a       0x3a ./Core/Src/mpu6050.o
                0x0800402a                MPU_Read_Byte
 .text.MPU_Init
                0x08004064       0x76 ./Core/Src/mpu6050.o
                0x08004064                MPU_Init
 *fill*         0x080040da        0x2 
 .text.WriteCmd
                0x080040dc       0x34 ./Core/Src/oled.o
                0x080040dc                WriteCmd
 .text.OLED_WR_CMD
                0x08004110       0x2c ./Core/Src/oled.o
                0x08004110                OLED_WR_CMD
 .text.OLED_WR_DATA
                0x0800413c       0x2c ./Core/Src/oled.o
                0x0800413c                OLED_WR_DATA
 .text.OLED_Init
                0x08004168       0x10 ./Core/Src/oled.o
                0x08004168                OLED_Init
 .text.OLED_Clear
                0x08004178       0x30 ./Core/Src/oled.o
                0x08004178                OLED_Clear
 .text.OLED_Set_Pos
                0x080041a8       0x24 ./Core/Src/oled.o
                0x080041a8                OLED_Set_Pos
 .text.OLED_ShowChar
                0x080041cc      0x104 ./Core/Src/oled.o
                0x080041cc                OLED_ShowChar
 .text.OLED_ShowString
                0x080042d0       0x50 ./Core/Src/oled.o
                0x080042d0                OLED_ShowString
 .text.Parameter_IDX_LOCKED
                0x08004320        0x4 ./Core/Src/pid.o
                0x08004320                Parameter_IDX_LOCKED
 .text.Vertical_Loop
                0x08004324       0x38 ./Core/Src/pid.o
                0x08004324                Vertical_Loop
 .text.Velocity_Loop
                0x0800435c       0x90 ./Core/Src/pid.o
                0x0800435c                Velocity_Loop
 .text.control  0x080043ec      0x108 ./Core/Src/pid.o
                0x080043ec                control
 .text.DELAY_us
                0x080044f4       0x18 ./Core/Src/sr04.o
                0x080044f4                DELAY_us
 .text.Distance_Trig
                0x0800450c       0x2c ./Core/Src/sr04.o
                0x0800450c                Distance_Trig
 .text.ECHO_Callback
                0x08004538       0x74 ./Core/Src/sr04.o
                0x08004538                ECHO_Callback
 .text.HAL_MspInit
                0x080045ac       0x44 ./Core/Src/stm32f1xx_hal_msp.o
                0x080045ac                HAL_MspInit
 .text.HAL_I2C_MspInit
                0x080045f0       0xb8 ./Core/Src/stm32f1xx_hal_msp.o
                0x080045f0                HAL_I2C_MspInit
 .text.HAL_TIM_Base_MspInit
                0x080046a8       0x4c ./Core/Src/stm32f1xx_hal_msp.o
                0x080046a8                HAL_TIM_Base_MspInit
 .text.HAL_TIM_Encoder_MspInit
                0x080046f4       0x98 ./Core/Src/stm32f1xx_hal_msp.o
                0x080046f4                HAL_TIM_Encoder_MspInit
 .text.HAL_TIM_MspPostInit
                0x0800478c       0x50 ./Core/Src/stm32f1xx_hal_msp.o
                0x0800478c                HAL_TIM_MspPostInit
 .text.HAL_UART_MspInit
                0x080047dc       0xf4 ./Core/Src/stm32f1xx_hal_msp.o
                0x080047dc                HAL_UART_MspInit
 .text.NMI_Handler
                0x080048d0        0x2 ./Core/Src/stm32f1xx_it.o
                0x080048d0                NMI_Handler
 .text.HardFault_Handler
                0x080048d2        0x2 ./Core/Src/stm32f1xx_it.o
                0x080048d2                HardFault_Handler
 .text.MemManage_Handler
                0x080048d4        0x2 ./Core/Src/stm32f1xx_it.o
                0x080048d4                MemManage_Handler
 .text.BusFault_Handler
                0x080048d6        0x2 ./Core/Src/stm32f1xx_it.o
                0x080048d6                BusFault_Handler
 .text.UsageFault_Handler
                0x080048d8        0x2 ./Core/Src/stm32f1xx_it.o
                0x080048d8                UsageFault_Handler
 .text.SVC_Handler
                0x080048da        0x2 ./Core/Src/stm32f1xx_it.o
                0x080048da                SVC_Handler
 .text.DebugMon_Handler
                0x080048dc        0x2 ./Core/Src/stm32f1xx_it.o
                0x080048dc                DebugMon_Handler
 .text.PendSV_Handler
                0x080048de        0x2 ./Core/Src/stm32f1xx_it.o
                0x080048de                PendSV_Handler
 .text.SysTick_Handler
                0x080048e0        0x4 ./Core/Src/stm32f1xx_it.o
                0x080048e0                SysTick_Handler
 .text.DMA1_Channel6_IRQHandler
                0x080048e4        0xc ./Core/Src/stm32f1xx_it.o
                0x080048e4                DMA1_Channel6_IRQHandler
 .text.EXTI9_5_IRQHandler
                0x080048f0        0x6 ./Core/Src/stm32f1xx_it.o
                0x080048f0                EXTI9_5_IRQHandler
 *fill*         0x080048f6        0x2 
 .text.I2C1_EV_IRQHandler
                0x080048f8        0xc ./Core/Src/stm32f1xx_it.o
                0x080048f8                I2C1_EV_IRQHandler
 .text.USART2_IRQHandler
                0x08004904      0x190 ./Core/Src/stm32f1xx_it.o
                0x08004904                USART2_IRQHandler
 .text.USART3_IRQHandler
                0x08004a94        0xc ./Core/Src/stm32f1xx_it.o
                0x08004a94                USART3_IRQHandler
 .text.EXTI15_10_IRQHandler
                0x08004aa0       0x1e ./Core/Src/stm32f1xx_it.o
                0x08004aa0                EXTI15_10_IRQHandler
 .text._getpid  0x08004abe        0x4 ./Core/Src/syscalls.o
                0x08004abe                _getpid
 .text._kill    0x08004ac2       0x10 ./Core/Src/syscalls.o
                0x08004ac2                _kill
 .text._exit    0x08004ad2        0xc ./Core/Src/syscalls.o
                0x08004ad2                _exit
 .text._read    0x08004ade       0x1c ./Core/Src/syscalls.o
                0x08004ade                _read
 .text._write   0x08004afa       0x1c ./Core/Src/syscalls.o
                0x08004afa                _write
 .text._close   0x08004b16        0x6 ./Core/Src/syscalls.o
                0x08004b16                _close
 .text._fstat   0x08004b1c        0xa ./Core/Src/syscalls.o
                0x08004b1c                _fstat
 .text._isatty  0x08004b26        0x4 ./Core/Src/syscalls.o
                0x08004b26                _isatty
 .text._lseek   0x08004b2a        0x4 ./Core/Src/syscalls.o
                0x08004b2a                _lseek
 *fill*         0x08004b2e        0x2 
 .text._sbrk    0x08004b30       0x40 ./Core/Src/sysmem.o
                0x08004b30                _sbrk
 .text.SystemInit
                0x08004b70        0x2 ./Core/Src/system_stm32f1xx.o
                0x08004b70                SystemInit
 *fill*         0x08004b72        0x2 
 .text.Reset_Handler
                0x08004b74       0x48 ./Core/Startup/startup_stm32f103c8tx.o
                0x08004b74                Reset_Handler
 .text.Default_Handler
                0x08004bbc        0x2 ./Core/Startup/startup_stm32f103c8tx.o
                0x08004bbc                RTC_Alarm_IRQHandler
                0x08004bbc                EXTI2_IRQHandler
                0x08004bbc                TIM1_CC_IRQHandler
                0x08004bbc                PVD_IRQHandler
                0x08004bbc                EXTI3_IRQHandler
                0x08004bbc                EXTI0_IRQHandler
                0x08004bbc                I2C2_EV_IRQHandler
                0x08004bbc                ADC1_2_IRQHandler
                0x08004bbc                SPI1_IRQHandler
                0x08004bbc                TAMPER_IRQHandler
                0x08004bbc                DMA1_Channel4_IRQHandler
                0x08004bbc                RTC_IRQHandler
                0x08004bbc                DMA1_Channel7_IRQHandler
                0x08004bbc                CAN1_RX1_IRQHandler
                0x08004bbc                TIM4_IRQHandler
                0x08004bbc                TIM3_IRQHandler
                0x08004bbc                RCC_IRQHandler
                0x08004bbc                TIM1_TRG_COM_IRQHandler
                0x08004bbc                DMA1_Channel1_IRQHandler
                0x08004bbc                Default_Handler
                0x08004bbc                SPI2_IRQHandler
                0x08004bbc                DMA1_Channel5_IRQHandler
                0x08004bbc                EXTI4_IRQHandler
                0x08004bbc                USB_LP_CAN1_RX0_IRQHandler
                0x08004bbc                USB_HP_CAN1_TX_IRQHandler
                0x08004bbc                DMA1_Channel3_IRQHandler
                0x08004bbc                TIM1_UP_IRQHandler
                0x08004bbc                WWDG_IRQHandler
                0x08004bbc                TIM2_IRQHandler
                0x08004bbc                TIM1_BRK_IRQHandler
                0x08004bbc                EXTI1_IRQHandler
                0x08004bbc                I2C2_ER_IRQHandler
                0x08004bbc                DMA1_Channel2_IRQHandler
                0x08004bbc                CAN1_SCE_IRQHandler
                0x08004bbc                FLASH_IRQHandler
                0x08004bbc                USART1_IRQHandler
                0x08004bbc                I2C1_ER_IRQHandler
                0x08004bbc                USBWakeUp_IRQHandler
 *fill*         0x08004bbe        0x2 
 .text.HAL_InitTick
                0x08004bc0       0x48 ./Drivers/STM32F1xx_HAL_Driver/Src/stm32f1xx_hal.o
                0x08004bc0                HAL_InitTick
 .text.HAL_Init
                0x08004c08       0x24 ./Drivers/STM32F1xx_HAL_Driver/Src/stm32f1xx_hal.o
                0x08004c08                HAL_Init
 .text.HAL_GetTick
                0x08004c2c        0xc ./Drivers/STM32F1xx_HAL_Driver/Src/stm32f1xx_hal.o
                0x08004c2c                HAL_GetTick
 .text.HAL_Delay
                0x08004c38       0x24 ./Drivers/STM32F1xx_HAL_Driver/Src/stm32f1xx_hal.o
                0x08004c38                HAL_Delay
 .text.HAL_NVIC_SetPriorityGrouping
                0x08004c5c       0x24 ./Drivers/STM32F1xx_HAL_Driver/Src/stm32f1xx_hal_cortex.o
                0x08004c5c                HAL_NVIC_SetPriorityGrouping
 .text.HAL_NVIC_SetPriority
                0x08004c80       0x60 ./Drivers/STM32F1xx_HAL_Driver/Src/stm32f1xx_hal_cortex.o
                0x08004c80                HAL_NVIC_SetPriority
 .text.HAL_NVIC_EnableIRQ
                0x08004ce0       0x1c ./Drivers/STM32F1xx_HAL_Driver/Src/stm32f1xx_hal_cortex.o
                0x08004ce0                HAL_NVIC_EnableIRQ
 .text.HAL_SYSTICK_Config
                0x08004cfc       0x28 ./Drivers/STM32F1xx_HAL_Driver/Src/stm32f1xx_hal_cortex.o
                0x08004cfc                HAL_SYSTICK_Config
 .text.HAL_DMA_Init
                0x08004d24       0x64 ./Drivers/STM32F1xx_HAL_Driver/Src/stm32f1xx_hal_dma.o
                0x08004d24                HAL_DMA_Init
 .text.HAL_DMA_Abort
                0x08004d88       0x3e ./Drivers/STM32F1xx_HAL_Driver/Src/stm32f1xx_hal_dma.o
                0x08004d88                HAL_DMA_Abort
 *fill*         0x08004dc6        0x2 
 .text.HAL_DMA_Abort_IT
                0x08004dc8       0x8c ./Drivers/STM32F1xx_HAL_Driver/Src/stm32f1xx_hal_dma.o
                0x08004dc8                HAL_DMA_Abort_IT
 .text.HAL_DMA_IRQHandler
                0x08004e54      0x128 ./Drivers/STM32F1xx_HAL_Driver/Src/stm32f1xx_hal_dma.o
                0x08004e54                HAL_DMA_IRQHandler
 .text.HAL_DMA_GetState
                0x08004f7c        0x6 ./Drivers/STM32F1xx_HAL_Driver/Src/stm32f1xx_hal_dma.o
                0x08004f7c                HAL_DMA_GetState
 *fill*         0x08004f82        0x2 
 .text.HAL_GPIO_Init
                0x08004f84      0x1b0 ./Drivers/STM32F1xx_HAL_Driver/Src/stm32f1xx_hal_gpio.o
                0x08004f84                HAL_GPIO_Init
 .text.HAL_GPIO_ReadPin
                0x08005134        0xc ./Drivers/STM32F1xx_HAL_Driver/Src/stm32f1xx_hal_gpio.o
                0x08005134                HAL_GPIO_ReadPin
 .text.HAL_GPIO_WritePin
                0x08005140        0xa ./Drivers/STM32F1xx_HAL_Driver/Src/stm32f1xx_hal_gpio.o
                0x08005140                HAL_GPIO_WritePin
 *fill*         0x0800514a        0x2 
 .text.HAL_GPIO_EXTI_IRQHandler
                0x0800514c       0x18 ./Drivers/STM32F1xx_HAL_Driver/Src/stm32f1xx_hal_gpio.o
                0x0800514c                HAL_GPIO_EXTI_IRQHandler
 .text.I2C_IsAcknowledgeFailed
                0x08005164       0x32 ./Drivers/STM32F1xx_HAL_Driver/Src/stm32f1xx_hal_i2c.o
 .text.I2C_WaitOnFlagUntilTimeout
                0x08005196       0x80 ./Drivers/STM32F1xx_HAL_Driver/Src/stm32f1xx_hal_i2c.o
 .text.I2C_WaitOnMasterAddressFlagUntilTimeout
                0x08005216       0x84 ./Drivers/STM32F1xx_HAL_Driver/Src/stm32f1xx_hal_i2c.o
 .text.I2C_WaitOnTXEFlagUntilTimeout
                0x0800529a       0x54 ./Drivers/STM32F1xx_HAL_Driver/Src/stm32f1xx_hal_i2c.o
 *fill*         0x080052ee        0x2 
 .text.I2C_RequestMemoryWrite
                0x080052f0       0xb4 ./Drivers/STM32F1xx_HAL_Driver/Src/stm32f1xx_hal_i2c.o
 .text.I2C_WaitOnBTFFlagUntilTimeout
                0x080053a4       0x54 ./Drivers/STM32F1xx_HAL_Driver/Src/stm32f1xx_hal_i2c.o
 .text.HAL_I2C_Init
                0x080053f8      0x150 ./Drivers/STM32F1xx_HAL_Driver/Src/stm32f1xx_hal_i2c.o
                0x080053f8                HAL_I2C_Init
 .text.HAL_I2C_Mem_Write
                0x08005548      0x120 ./Drivers/STM32F1xx_HAL_Driver/Src/stm32f1xx_hal_i2c.o
                0x08005548                HAL_I2C_Mem_Write
 .text.HAL_I2C_MasterTxCpltCallback
                0x08005668        0x2 ./Drivers/STM32F1xx_HAL_Driver/Src/stm32f1xx_hal_i2c.o
                0x08005668                HAL_I2C_MasterTxCpltCallback
 .text.HAL_I2C_MasterRxCpltCallback
                0x0800566a        0x2 ./Drivers/STM32F1xx_HAL_Driver/Src/stm32f1xx_hal_i2c.o
                0x0800566a                HAL_I2C_MasterRxCpltCallback
 .text.HAL_I2C_SlaveTxCpltCallback
                0x0800566c        0x2 ./Drivers/STM32F1xx_HAL_Driver/Src/stm32f1xx_hal_i2c.o
                0x0800566c                HAL_I2C_SlaveTxCpltCallback
 .text.HAL_I2C_SlaveRxCpltCallback
                0x0800566e        0x2 ./Drivers/STM32F1xx_HAL_Driver/Src/stm32f1xx_hal_i2c.o
                0x0800566e                HAL_I2C_SlaveRxCpltCallback
 .text.HAL_I2C_AddrCallback
                0x08005670        0x2 ./Drivers/STM32F1xx_HAL_Driver/Src/stm32f1xx_hal_i2c.o
                0x08005670                HAL_I2C_AddrCallback
 .text.HAL_I2C_ListenCpltCallback
                0x08005672        0x2 ./Drivers/STM32F1xx_HAL_Driver/Src/stm32f1xx_hal_i2c.o
                0x08005672                HAL_I2C_ListenCpltCallback
 .text.HAL_I2C_MemTxCpltCallback
                0x08005674        0x2 ./Drivers/STM32F1xx_HAL_Driver/Src/stm32f1xx_hal_i2c.o
                0x08005674                HAL_I2C_MemTxCpltCallback
 .text.I2C_MemoryTransmit_TXE_BTF
                0x08005676       0xb0 ./Drivers/STM32F1xx_HAL_Driver/Src/stm32f1xx_hal_i2c.o
 .text.HAL_I2C_MemRxCpltCallback
                0x08005726        0x2 ./Drivers/STM32F1xx_HAL_Driver/Src/stm32f1xx_hal_i2c.o
                0x08005726                HAL_I2C_MemRxCpltCallback
 .text.HAL_I2C_ErrorCallback
                0x08005728        0x2 ./Drivers/STM32F1xx_HAL_Driver/Src/stm32f1xx_hal_i2c.o
                0x08005728                HAL_I2C_ErrorCallback
 .text.HAL_I2C_AbortCpltCallback
                0x0800572a        0x2 ./Drivers/STM32F1xx_HAL_Driver/Src/stm32f1xx_hal_i2c.o
                0x0800572a                HAL_I2C_AbortCpltCallback
 .text.I2C_DMAAbort
                0x0800572c       0xc0 ./Drivers/STM32F1xx_HAL_Driver/Src/stm32f1xx_hal_i2c.o
 .text.I2C_ITError
                0x080057ec      0x150 ./Drivers/STM32F1xx_HAL_Driver/Src/stm32f1xx_hal_i2c.o
 .text.HAL_I2C_EV_IRQHandler
                0x0800593c      0x894 ./Drivers/STM32F1xx_HAL_Driver/Src/stm32f1xx_hal_i2c.o
                0x0800593c                HAL_I2C_EV_IRQHandler
 .text.HAL_RCC_OscConfig
                0x080061d0      0x338 ./Drivers/STM32F1xx_HAL_Driver/Src/stm32f1xx_hal_rcc.o
                0x080061d0                HAL_RCC_OscConfig
 .text.HAL_RCC_GetSysClockFreq
                0x08006508       0x4c ./Drivers/STM32F1xx_HAL_Driver/Src/stm32f1xx_hal_rcc.o
                0x08006508                HAL_RCC_GetSysClockFreq
 .text.HAL_RCC_ClockConfig
                0x08006554      0x138 ./Drivers/STM32F1xx_HAL_Driver/Src/stm32f1xx_hal_rcc.o
                0x08006554                HAL_RCC_ClockConfig
 .text.HAL_RCC_GetPCLK1Freq
                0x0800668c       0x20 ./Drivers/STM32F1xx_HAL_Driver/Src/stm32f1xx_hal_rcc.o
                0x0800668c                HAL_RCC_GetPCLK1Freq
 .text.HAL_RCC_GetPCLK2Freq
                0x080066ac       0x20 ./Drivers/STM32F1xx_HAL_Driver/Src/stm32f1xx_hal_rcc.o
                0x080066ac                HAL_RCC_GetPCLK2Freq
 .text.TIM_OC1_SetConfig
                0x080066cc       0x50 ./Drivers/STM32F1xx_HAL_Driver/Src/stm32f1xx_hal_tim.o
 .text.TIM_OC3_SetConfig
                0x0800671c       0x54 ./Drivers/STM32F1xx_HAL_Driver/Src/stm32f1xx_hal_tim.o
 .text.TIM_OC4_SetConfig
                0x08006770       0x44 ./Drivers/STM32F1xx_HAL_Driver/Src/stm32f1xx_hal_tim.o
 .text.HAL_TIM_Base_Start
                0x080067b4       0x4c ./Drivers/STM32F1xx_HAL_Driver/Src/stm32f1xx_hal_tim.o
                0x080067b4                HAL_TIM_Base_Start
 .text.HAL_TIM_Base_Stop
                0x08006800       0x28 ./Drivers/STM32F1xx_HAL_Driver/Src/stm32f1xx_hal_tim.o
                0x08006800                HAL_TIM_Base_Stop
 .text.HAL_TIM_PWM_MspInit
                0x08006828        0x2 ./Drivers/STM32F1xx_HAL_Driver/Src/stm32f1xx_hal_tim.o
                0x08006828                HAL_TIM_PWM_MspInit
 .text.HAL_TIM_Encoder_Start
                0x0800682a       0xb2 ./Drivers/STM32F1xx_HAL_Driver/Src/stm32f1xx_hal_tim.o
                0x0800682a                HAL_TIM_Encoder_Start
 .text.TIM_Base_SetConfig
                0x080068dc       0x70 ./Drivers/STM32F1xx_HAL_Driver/Src/stm32f1xx_hal_tim.o
                0x080068dc                TIM_Base_SetConfig
 .text.HAL_TIM_Base_Init
                0x0800694c       0x58 ./Drivers/STM32F1xx_HAL_Driver/Src/stm32f1xx_hal_tim.o
                0x0800694c                HAL_TIM_Base_Init
 .text.HAL_TIM_PWM_Init
                0x080069a4       0x58 ./Drivers/STM32F1xx_HAL_Driver/Src/stm32f1xx_hal_tim.o
                0x080069a4                HAL_TIM_PWM_Init
 .text.HAL_TIM_Encoder_Init
                0x080069fc       0xa8 ./Drivers/STM32F1xx_HAL_Driver/Src/stm32f1xx_hal_tim.o
                0x080069fc                HAL_TIM_Encoder_Init
 .text.TIM_OC2_SetConfig
                0x08006aa4       0x58 ./Drivers/STM32F1xx_HAL_Driver/Src/stm32f1xx_hal_tim.o
                0x08006aa4                TIM_OC2_SetConfig
 .text.HAL_TIM_PWM_ConfigChannel
                0x08006afc       0xb0 ./Drivers/STM32F1xx_HAL_Driver/Src/stm32f1xx_hal_tim.o
                0x08006afc                HAL_TIM_PWM_ConfigChannel
 .text.TIM_ETR_SetConfig
                0x08006bac       0x14 ./Drivers/STM32F1xx_HAL_Driver/Src/stm32f1xx_hal_tim.o
                0x08006bac                TIM_ETR_SetConfig
 .text.HAL_TIM_ConfigClockSource
                0x08006bc0      0x132 ./Drivers/STM32F1xx_HAL_Driver/Src/stm32f1xx_hal_tim.o
                0x08006bc0                HAL_TIM_ConfigClockSource
 .text.TIM_CCxChannelCmd
                0x08006cf2       0x1c ./Drivers/STM32F1xx_HAL_Driver/Src/stm32f1xx_hal_tim.o
                0x08006cf2                TIM_CCxChannelCmd
 *fill*         0x08006d0e        0x2 
 .text.HAL_TIM_OC_Start
                0x08006d10       0x9c ./Drivers/STM32F1xx_HAL_Driver/Src/stm32f1xx_hal_tim.o
                0x08006d10                HAL_TIM_OC_Start
 .text.HAL_TIM_PWM_Start
                0x08006dac        0x4 ./Drivers/STM32F1xx_HAL_Driver/Src/stm32f1xx_hal_tim.o
                0x08006dac                HAL_TIM_PWM_Start
 .text.HAL_TIMEx_MasterConfigSynchronization
                0x08006db0       0x5c ./Drivers/STM32F1xx_HAL_Driver/Src/stm32f1xx_hal_tim_ex.o
                0x08006db0                HAL_TIMEx_MasterConfigSynchronization
 .text.HAL_TIMEx_ConfigBreakDeadTime
                0x08006e0c       0x4c ./Drivers/STM32F1xx_HAL_Driver/Src/stm32f1xx_hal_tim_ex.o
                0x08006e0c                HAL_TIMEx_ConfigBreakDeadTime
 .text.UART_EndRxTransfer
                0x08006e58       0x5c ./Drivers/STM32F1xx_HAL_Driver/Src/stm32f1xx_hal_uart.o
 .text.UART_SetConfig
                0x08006eb4       0x74 ./Drivers/STM32F1xx_HAL_Driver/Src/stm32f1xx_hal_uart.o
 .text.HAL_UART_Init
                0x08006f28       0x5e ./Drivers/STM32F1xx_HAL_Driver/Src/stm32f1xx_hal_uart.o
                0x08006f28                HAL_UART_Init
 .text.HAL_UART_TxCpltCallback
                0x08006f86        0x2 ./Drivers/STM32F1xx_HAL_Driver/Src/stm32f1xx_hal_uart.o
                0x08006f86                HAL_UART_TxCpltCallback
 .text.HAL_UART_RxCpltCallback
                0x08006f88        0x2 ./Drivers/STM32F1xx_HAL_Driver/Src/stm32f1xx_hal_uart.o
                0x08006f88                HAL_UART_RxCpltCallback
 .text.HAL_UART_ErrorCallback
                0x08006f8a        0x2 ./Drivers/STM32F1xx_HAL_Driver/Src/stm32f1xx_hal_uart.o
                0x08006f8a                HAL_UART_ErrorCallback
 .text.UART_DMAAbortOnError
                0x08006f8c       0x10 ./Drivers/STM32F1xx_HAL_Driver/Src/stm32f1xx_hal_uart.o
 .text.HAL_UARTEx_RxEventCallback
                0x08006f9c        0x2 ./Drivers/STM32F1xx_HAL_Driver/Src/stm32f1xx_hal_uart.o
                0x08006f9c                HAL_UARTEx_RxEventCallback
 .text.UART_Receive_IT.isra.0
                0x08006f9e       0xb6 ./Drivers/STM32F1xx_HAL_Driver/Src/stm32f1xx_hal_uart.o
 .text.HAL_UART_IRQHandler
                0x08007054      0x294 ./Drivers/STM32F1xx_HAL_Driver/Src/stm32f1xx_hal_uart.o
                0x08007054                HAL_UART_IRQHandler
 .text.UART_Start_Receive_IT
                0x080072e8       0x32 ./Drivers/STM32F1xx_HAL_Driver/Src/stm32f1xx_hal_uart.o
                0x080072e8                UART_Start_Receive_IT
 .text.HAL_UART_Receive_IT
                0x0800731a       0x22 ./Drivers/STM32F1xx_HAL_Driver/Src/stm32f1xx_hal_uart.o
                0x0800731a                HAL_UART_Receive_IT
 .text.__cvt    0x0800733c       0xc8 D:/STM32CubeIDE_1.15.1/STM32CubeIDE/plugins/com.st.stm32cube.ide.mcu.externaltools.gnu-tools-for-stm32.12.3.rel1.win32_1.0.200.202406191623/tools/bin/../lib/gcc/arm-none-eabi/12.3.1/../../../../arm-none-eabi/lib/thumb/v7-m/nofp\libc_nano.a(libc_a-nano-vfprintf_float.o)
                0x0800733c                __cvt
 .text.__exponent
                0x08007404       0x74 D:/STM32CubeIDE_1.15.1/STM32CubeIDE/plugins/com.st.stm32cube.ide.mcu.externaltools.gnu-tools-for-stm32.12.3.rel1.win32_1.0.200.202406191623/tools/bin/../lib/gcc/arm-none-eabi/12.3.1/../../../../arm-none-eabi/lib/thumb/v7-m/nofp\libc_nano.a(libc_a-nano-vfprintf_float.o)
                0x08007404                __exponent
 .text._printf_float
                0x08007478      0x458 D:/STM32CubeIDE_1.15.1/STM32CubeIDE/plugins/com.st.stm32cube.ide.mcu.externaltools.gnu-tools-for-stm32.12.3.rel1.win32_1.0.200.202406191623/tools/bin/../lib/gcc/arm-none-eabi/12.3.1/../../../../arm-none-eabi/lib/thumb/v7-m/nofp\libc_nano.a(libc_a-nano-vfprintf_float.o)
                0x08007478                _printf_float
 .text._printf_common
                0x080078d0       0xe4 D:/STM32CubeIDE_1.15.1/STM32CubeIDE/plugins/com.st.stm32cube.ide.mcu.externaltools.gnu-tools-for-stm32.12.3.rel1.win32_1.0.200.202406191623/tools/bin/../lib/gcc/arm-none-eabi/12.3.1/../../../../arm-none-eabi/lib/thumb/v7-m/nofp\libc_nano.a(libc_a-nano-vfprintf_i.o)
                0x080078d0                _printf_common
 .text._printf_i
                0x080079b4      0x240 D:/STM32CubeIDE_1.15.1/STM32CubeIDE/plugins/com.st.stm32cube.ide.mcu.externaltools.gnu-tools-for-stm32.12.3.rel1.win32_1.0.200.202406191623/tools/bin/../lib/gcc/arm-none-eabi/12.3.1/../../../../arm-none-eabi/lib/thumb/v7-m/nofp\libc_nano.a(libc_a-nano-vfprintf_i.o)
                0x080079b4                _printf_i
 .text.std      0x08007bf4       0x6c D:/STM32CubeIDE_1.15.1/STM32CubeIDE/plugins/com.st.stm32cube.ide.mcu.externaltools.gnu-tools-for-stm32.12.3.rel1.win32_1.0.200.202406191623/tools/bin/../lib/gcc/arm-none-eabi/12.3.1/../../../../arm-none-eabi/lib/thumb/v7-m/nofp\libc_nano.a(libc_a-findfp.o)
 .text.stdio_exit_handler
                0x08007c60       0x18 D:/STM32CubeIDE_1.15.1/STM32CubeIDE/plugins/com.st.stm32cube.ide.mcu.externaltools.gnu-tools-for-stm32.12.3.rel1.win32_1.0.200.202406191623/tools/bin/../lib/gcc/arm-none-eabi/12.3.1/../../../../arm-none-eabi/lib/thumb/v7-m/nofp\libc_nano.a(libc_a-findfp.o)
 .text.cleanup_stdio
                0x08007c78       0x40 D:/STM32CubeIDE_1.15.1/STM32CubeIDE/plugins/com.st.stm32cube.ide.mcu.externaltools.gnu-tools-for-stm32.12.3.rel1.win32_1.0.200.202406191623/tools/bin/../lib/gcc/arm-none-eabi/12.3.1/../../../../arm-none-eabi/lib/thumb/v7-m/nofp\libc_nano.a(libc_a-findfp.o)
 .text.global_stdio_init.part.0
                0x08007cb8       0x3c D:/STM32CubeIDE_1.15.1/STM32CubeIDE/plugins/com.st.stm32cube.ide.mcu.externaltools.gnu-tools-for-stm32.12.3.rel1.win32_1.0.200.202406191623/tools/bin/../lib/gcc/arm-none-eabi/12.3.1/../../../../arm-none-eabi/lib/thumb/v7-m/nofp\libc_nano.a(libc_a-findfp.o)
 .text.__sfp_lock_acquire
                0x08007cf4        0xc D:/STM32CubeIDE_1.15.1/STM32CubeIDE/plugins/com.st.stm32cube.ide.mcu.externaltools.gnu-tools-for-stm32.12.3.rel1.win32_1.0.200.202406191623/tools/bin/../lib/gcc/arm-none-eabi/12.3.1/../../../../arm-none-eabi/lib/thumb/v7-m/nofp\libc_nano.a(libc_a-findfp.o)
                0x08007cf4                __sfp_lock_acquire
 .text.__sfp_lock_release
                0x08007d00        0xc D:/STM32CubeIDE_1.15.1/STM32CubeIDE/plugins/com.st.stm32cube.ide.mcu.externaltools.gnu-tools-for-stm32.12.3.rel1.win32_1.0.200.202406191623/tools/bin/../lib/gcc/arm-none-eabi/12.3.1/../../../../arm-none-eabi/lib/thumb/v7-m/nofp\libc_nano.a(libc_a-findfp.o)
                0x08007d00                __sfp_lock_release
 .text.__sinit  0x08007d0c       0x30 D:/STM32CubeIDE_1.15.1/STM32CubeIDE/plugins/com.st.stm32cube.ide.mcu.externaltools.gnu-tools-for-stm32.12.3.rel1.win32_1.0.200.202406191623/tools/bin/../lib/gcc/arm-none-eabi/12.3.1/../../../../arm-none-eabi/lib/thumb/v7-m/nofp\libc_nano.a(libc_a-findfp.o)
                0x08007d0c                __sinit
 .text._fwalk_sglue
                0x08007d3c       0x3c D:/STM32CubeIDE_1.15.1/STM32CubeIDE/plugins/com.st.stm32cube.ide.mcu.externaltools.gnu-tools-for-stm32.12.3.rel1.win32_1.0.200.202406191623/tools/bin/../lib/gcc/arm-none-eabi/12.3.1/../../../../arm-none-eabi/lib/thumb/v7-m/nofp\libc_nano.a(libc_a-fwalk.o)
                0x08007d3c                _fwalk_sglue
 .text.sprintf  0x08007d78       0x40 D:/STM32CubeIDE_1.15.1/STM32CubeIDE/plugins/com.st.stm32cube.ide.mcu.externaltools.gnu-tools-for-stm32.12.3.rel1.win32_1.0.200.202406191623/tools/bin/../lib/gcc/arm-none-eabi/12.3.1/../../../../arm-none-eabi/lib/thumb/v7-m/nofp\libc_nano.a(libc_a-sprintf.o)
                0x08007d78                siprintf
                0x08007d78                sprintf
 .text.__sread  0x08007db8       0x22 D:/STM32CubeIDE_1.15.1/STM32CubeIDE/plugins/com.st.stm32cube.ide.mcu.externaltools.gnu-tools-for-stm32.12.3.rel1.win32_1.0.200.202406191623/tools/bin/../lib/gcc/arm-none-eabi/12.3.1/../../../../arm-none-eabi/lib/thumb/v7-m/nofp\libc_nano.a(libc_a-stdio.o)
                0x08007db8                __sread
 .text.__swrite
                0x08007dda       0x38 D:/STM32CubeIDE_1.15.1/STM32CubeIDE/plugins/com.st.stm32cube.ide.mcu.externaltools.gnu-tools-for-stm32.12.3.rel1.win32_1.0.200.202406191623/tools/bin/../lib/gcc/arm-none-eabi/12.3.1/../../../../arm-none-eabi/lib/thumb/v7-m/nofp\libc_nano.a(libc_a-stdio.o)
                0x08007dda                __swrite
 .text.__sseek  0x08007e12       0x24 D:/STM32CubeIDE_1.15.1/STM32CubeIDE/plugins/com.st.stm32cube.ide.mcu.externaltools.gnu-tools-for-stm32.12.3.rel1.win32_1.0.200.202406191623/tools/bin/../lib/gcc/arm-none-eabi/12.3.1/../../../../arm-none-eabi/lib/thumb/v7-m/nofp\libc_nano.a(libc_a-stdio.o)
                0x08007e12                __sseek
 .text.__sclose
                0x08007e36        0x8 D:/STM32CubeIDE_1.15.1/STM32CubeIDE/plugins/com.st.stm32cube.ide.mcu.externaltools.gnu-tools-for-stm32.12.3.rel1.win32_1.0.200.202406191623/tools/bin/../lib/gcc/arm-none-eabi/12.3.1/../../../../arm-none-eabi/lib/thumb/v7-m/nofp\libc_nano.a(libc_a-stdio.o)
                0x08007e36                __sclose
 .text.memcmp   0x08007e3e       0x20 D:/STM32CubeIDE_1.15.1/STM32CubeIDE/plugins/com.st.stm32cube.ide.mcu.externaltools.gnu-tools-for-stm32.12.3.rel1.win32_1.0.200.202406191623/tools/bin/../lib/gcc/arm-none-eabi/12.3.1/../../../../arm-none-eabi/lib/thumb/v7-m/nofp\libc_nano.a(libc_a-memcmp.o)
                0x08007e3e                memcmp
 .text.memset   0x08007e5e       0x10 D:/STM32CubeIDE_1.15.1/STM32CubeIDE/plugins/com.st.stm32cube.ide.mcu.externaltools.gnu-tools-for-stm32.12.3.rel1.win32_1.0.200.202406191623/tools/bin/../lib/gcc/arm-none-eabi/12.3.1/../../../../arm-none-eabi/lib/thumb/v7-m/nofp\libc_nano.a(libc_a-memset.o)
                0x08007e5e                memset
 *fill*         0x08007e6e        0x2 
 .text._localeconv_r
                0x08007e70        0x8 D:/STM32CubeIDE_1.15.1/STM32CubeIDE/plugins/com.st.stm32cube.ide.mcu.externaltools.gnu-tools-for-stm32.12.3.rel1.win32_1.0.200.202406191623/tools/bin/../lib/gcc/arm-none-eabi/12.3.1/../../../../arm-none-eabi/lib/thumb/v7-m/nofp\libc_nano.a(libc_a-localeconv.o)
                0x08007e70                _localeconv_r
 .text._close_r
                0x08007e78       0x20 D:/STM32CubeIDE_1.15.1/STM32CubeIDE/plugins/com.st.stm32cube.ide.mcu.externaltools.gnu-tools-for-stm32.12.3.rel1.win32_1.0.200.202406191623/tools/bin/../lib/gcc/arm-none-eabi/12.3.1/../../../../arm-none-eabi/lib/thumb/v7-m/nofp\libc_nano.a(libc_a-closer.o)
                0x08007e78                _close_r
 .text._lseek_r
                0x08007e98       0x24 D:/STM32CubeIDE_1.15.1/STM32CubeIDE/plugins/com.st.stm32cube.ide.mcu.externaltools.gnu-tools-for-stm32.12.3.rel1.win32_1.0.200.202406191623/tools/bin/../lib/gcc/arm-none-eabi/12.3.1/../../../../arm-none-eabi/lib/thumb/v7-m/nofp\libc_nano.a(libc_a-lseekr.o)
                0x08007e98                _lseek_r
 .text._read_r  0x08007ebc       0x24 D:/STM32CubeIDE_1.15.1/STM32CubeIDE/plugins/com.st.stm32cube.ide.mcu.externaltools.gnu-tools-for-stm32.12.3.rel1.win32_1.0.200.202406191623/tools/bin/../lib/gcc/arm-none-eabi/12.3.1/../../../../arm-none-eabi/lib/thumb/v7-m/nofp\libc_nano.a(libc_a-readr.o)
                0x08007ebc                _read_r
 .text._write_r
                0x08007ee0       0x24 D:/STM32CubeIDE_1.15.1/STM32CubeIDE/plugins/com.st.stm32cube.ide.mcu.externaltools.gnu-tools-for-stm32.12.3.rel1.win32_1.0.200.202406191623/tools/bin/../lib/gcc/arm-none-eabi/12.3.1/../../../../arm-none-eabi/lib/thumb/v7-m/nofp\libc_nano.a(libc_a-writer.o)
                0x08007ee0                _write_r
 .text.__errno  0x08007f04        0xc D:/STM32CubeIDE_1.15.1/STM32CubeIDE/plugins/com.st.stm32cube.ide.mcu.externaltools.gnu-tools-for-stm32.12.3.rel1.win32_1.0.200.202406191623/tools/bin/../lib/gcc/arm-none-eabi/12.3.1/../../../../arm-none-eabi/lib/thumb/v7-m/nofp\libc_nano.a(libc_a-errno.o)
                0x08007f04                __errno
 .text.__libc_init_array
                0x08007f10       0x48 D:/STM32CubeIDE_1.15.1/STM32CubeIDE/plugins/com.st.stm32cube.ide.mcu.externaltools.gnu-tools-for-stm32.12.3.rel1.win32_1.0.200.202406191623/tools/bin/../lib/gcc/arm-none-eabi/12.3.1/../../../../arm-none-eabi/lib/thumb/v7-m/nofp\libc_nano.a(libc_a-init.o)
                0x08007f10                __libc_init_array
 .text.__retarget_lock_init_recursive
                0x08007f58        0x2 D:/STM32CubeIDE_1.15.1/STM32CubeIDE/plugins/com.st.stm32cube.ide.mcu.externaltools.gnu-tools-for-stm32.12.3.rel1.win32_1.0.200.202406191623/tools/bin/../lib/gcc/arm-none-eabi/12.3.1/../../../../arm-none-eabi/lib/thumb/v7-m/nofp\libc_nano.a(libc_a-lock.o)
                0x08007f58                __retarget_lock_init_recursive
 .text.__retarget_lock_acquire_recursive
                0x08007f5a        0x2 D:/STM32CubeIDE_1.15.1/STM32CubeIDE/plugins/com.st.stm32cube.ide.mcu.externaltools.gnu-tools-for-stm32.12.3.rel1.win32_1.0.200.202406191623/tools/bin/../lib/gcc/arm-none-eabi/12.3.1/../../../../arm-none-eabi/lib/thumb/v7-m/nofp\libc_nano.a(libc_a-lock.o)
                0x08007f5a                __retarget_lock_acquire_recursive
 .text.__retarget_lock_release_recursive
                0x08007f5c        0x2 D:/STM32CubeIDE_1.15.1/STM32CubeIDE/plugins/com.st.stm32cube.ide.mcu.externaltools.gnu-tools-for-stm32.12.3.rel1.win32_1.0.200.202406191623/tools/bin/../lib/gcc/arm-none-eabi/12.3.1/../../../../arm-none-eabi/lib/thumb/v7-m/nofp\libc_nano.a(libc_a-lock.o)
                0x08007f5c                __retarget_lock_release_recursive
 .text.memchr   0x08007f5e       0x1c D:/STM32CubeIDE_1.15.1/STM32CubeIDE/plugins/com.st.stm32cube.ide.mcu.externaltools.gnu-tools-for-stm32.12.3.rel1.win32_1.0.200.202406191623/tools/bin/../lib/gcc/arm-none-eabi/12.3.1/../../../../arm-none-eabi/lib/thumb/v7-m/nofp\libc_nano.a(libc_a-memchr-stub.o)
                0x08007f5e                memchr
 .text.quorem   0x08007f7a      0x110 D:/STM32CubeIDE_1.15.1/STM32CubeIDE/plugins/com.st.stm32cube.ide.mcu.externaltools.gnu-tools-for-stm32.12.3.rel1.win32_1.0.200.202406191623/tools/bin/../lib/gcc/arm-none-eabi/12.3.1/../../../../arm-none-eabi/lib/thumb/v7-m/nofp\libc_nano.a(libc_a-dtoa.o)
 *fill*         0x0800808a        0x6 
 .text._dtoa_r  0x08008090      0xb90 D:/STM32CubeIDE_1.15.1/STM32CubeIDE/plugins/com.st.stm32cube.ide.mcu.externaltools.gnu-tools-for-stm32.12.3.rel1.win32_1.0.200.202406191623/tools/bin/../lib/gcc/arm-none-eabi/12.3.1/../../../../arm-none-eabi/lib/thumb/v7-m/nofp\libc_nano.a(libc_a-dtoa.o)
                0x08008090                _dtoa_r
 .text._free_r  0x08008c20       0x90 D:/STM32CubeIDE_1.15.1/STM32CubeIDE/plugins/com.st.stm32cube.ide.mcu.externaltools.gnu-tools-for-stm32.12.3.rel1.win32_1.0.200.202406191623/tools/bin/../lib/gcc/arm-none-eabi/12.3.1/../../../../arm-none-eabi/lib/thumb/v7-m/nofp\libc_nano.a(libc_a-freer.o)
                0x08008c20                _free_r
 .text.malloc   0x08008cb0       0x10 D:/STM32CubeIDE_1.15.1/STM32CubeIDE/plugins/com.st.stm32cube.ide.mcu.externaltools.gnu-tools-for-stm32.12.3.rel1.win32_1.0.200.202406191623/tools/bin/../lib/gcc/arm-none-eabi/12.3.1/../../../../arm-none-eabi/lib/thumb/v7-m/nofp\libc_nano.a(libc_a-malloc.o)
                0x08008cb0                malloc
 .text.sbrk_aligned
                0x08008cc0       0x44 D:/STM32CubeIDE_1.15.1/STM32CubeIDE/plugins/com.st.stm32cube.ide.mcu.externaltools.gnu-tools-for-stm32.12.3.rel1.win32_1.0.200.202406191623/tools/bin/../lib/gcc/arm-none-eabi/12.3.1/../../../../arm-none-eabi/lib/thumb/v7-m/nofp\libc_nano.a(libc_a-mallocr.o)
 .text._malloc_r
                0x08008d04      0x100 D:/STM32CubeIDE_1.15.1/STM32CubeIDE/plugins/com.st.stm32cube.ide.mcu.externaltools.gnu-tools-for-stm32.12.3.rel1.win32_1.0.200.202406191623/tools/bin/../lib/gcc/arm-none-eabi/12.3.1/../../../../arm-none-eabi/lib/thumb/v7-m/nofp\libc_nano.a(libc_a-mallocr.o)
                0x08008d04                _malloc_r
 .text.__malloc_lock
                0x08008e04        0xc D:/STM32CubeIDE_1.15.1/STM32CubeIDE/plugins/com.st.stm32cube.ide.mcu.externaltools.gnu-tools-for-stm32.12.3.rel1.win32_1.0.200.202406191623/tools/bin/../lib/gcc/arm-none-eabi/12.3.1/../../../../arm-none-eabi/lib/thumb/v7-m/nofp\libc_nano.a(libc_a-mlock.o)
                0x08008e04                __malloc_lock
 .text.__malloc_unlock
                0x08008e10        0xc D:/STM32CubeIDE_1.15.1/STM32CubeIDE/plugins/com.st.stm32cube.ide.mcu.externaltools.gnu-tools-for-stm32.12.3.rel1.win32_1.0.200.202406191623/tools/bin/../lib/gcc/arm-none-eabi/12.3.1/../../../../arm-none-eabi/lib/thumb/v7-m/nofp\libc_nano.a(libc_a-mlock.o)
                0x08008e10                __malloc_unlock
 .text._Balloc  0x08008e1c       0x80 D:/STM32CubeIDE_1.15.1/STM32CubeIDE/plugins/com.st.stm32cube.ide.mcu.externaltools.gnu-tools-for-stm32.12.3.rel1.win32_1.0.200.202406191623/tools/bin/../lib/gcc/arm-none-eabi/12.3.1/../../../../arm-none-eabi/lib/thumb/v7-m/nofp\libc_nano.a(libc_a-mprec.o)
                0x08008e1c                _Balloc
 .text._Bfree   0x08008e9c       0x44 D:/STM32CubeIDE_1.15.1/STM32CubeIDE/plugins/com.st.stm32cube.ide.mcu.externaltools.gnu-tools-for-stm32.12.3.rel1.win32_1.0.200.202406191623/tools/bin/../lib/gcc/arm-none-eabi/12.3.1/../../../../arm-none-eabi/lib/thumb/v7-m/nofp\libc_nano.a(libc_a-mprec.o)
                0x08008e9c                _Bfree
 .text.__multadd
                0x08008ee0       0x8c D:/STM32CubeIDE_1.15.1/STM32CubeIDE/plugins/com.st.stm32cube.ide.mcu.externaltools.gnu-tools-for-stm32.12.3.rel1.win32_1.0.200.202406191623/tools/bin/../lib/gcc/arm-none-eabi/12.3.1/../../../../arm-none-eabi/lib/thumb/v7-m/nofp\libc_nano.a(libc_a-mprec.o)
                0x08008ee0                __multadd
 .text.__hi0bits
                0x08008f6c       0x3e D:/STM32CubeIDE_1.15.1/STM32CubeIDE/plugins/com.st.stm32cube.ide.mcu.externaltools.gnu-tools-for-stm32.12.3.rel1.win32_1.0.200.202406191623/tools/bin/../lib/gcc/arm-none-eabi/12.3.1/../../../../arm-none-eabi/lib/thumb/v7-m/nofp\libc_nano.a(libc_a-mprec.o)
                0x08008f6c                __hi0bits
 .text.__lo0bits
                0x08008faa       0x5a D:/STM32CubeIDE_1.15.1/STM32CubeIDE/plugins/com.st.stm32cube.ide.mcu.externaltools.gnu-tools-for-stm32.12.3.rel1.win32_1.0.200.202406191623/tools/bin/../lib/gcc/arm-none-eabi/12.3.1/../../../../arm-none-eabi/lib/thumb/v7-m/nofp\libc_nano.a(libc_a-mprec.o)
                0x08008faa                __lo0bits
 .text.__i2b    0x08009004       0x2c D:/STM32CubeIDE_1.15.1/STM32CubeIDE/plugins/com.st.stm32cube.ide.mcu.externaltools.gnu-tools-for-stm32.12.3.rel1.win32_1.0.200.202406191623/tools/bin/../lib/gcc/arm-none-eabi/12.3.1/../../../../arm-none-eabi/lib/thumb/v7-m/nofp\libc_nano.a(libc_a-mprec.o)
                0x08009004                __i2b
 .text.__multiply
                0x08009030      0x150 D:/STM32CubeIDE_1.15.1/STM32CubeIDE/plugins/com.st.stm32cube.ide.mcu.externaltools.gnu-tools-for-stm32.12.3.rel1.win32_1.0.200.202406191623/tools/bin/../lib/gcc/arm-none-eabi/12.3.1/../../../../arm-none-eabi/lib/thumb/v7-m/nofp\libc_nano.a(libc_a-mprec.o)
                0x08009030                __multiply
 .text.__pow5mult
                0x08009180       0xb4 D:/STM32CubeIDE_1.15.1/STM32CubeIDE/plugins/com.st.stm32cube.ide.mcu.externaltools.gnu-tools-for-stm32.12.3.rel1.win32_1.0.200.202406191623/tools/bin/../lib/gcc/arm-none-eabi/12.3.1/../../../../arm-none-eabi/lib/thumb/v7-m/nofp\libc_nano.a(libc_a-mprec.o)
                0x08009180                __pow5mult
 .text.__lshift
                0x08009234       0xd8 D:/STM32CubeIDE_1.15.1/STM32CubeIDE/plugins/com.st.stm32cube.ide.mcu.externaltools.gnu-tools-for-stm32.12.3.rel1.win32_1.0.200.202406191623/tools/bin/../lib/gcc/arm-none-eabi/12.3.1/../../../../arm-none-eabi/lib/thumb/v7-m/nofp\libc_nano.a(libc_a-mprec.o)
                0x08009234                __lshift
 .text.__mcmp   0x0800930c       0x36 D:/STM32CubeIDE_1.15.1/STM32CubeIDE/plugins/com.st.stm32cube.ide.mcu.externaltools.gnu-tools-for-stm32.12.3.rel1.win32_1.0.200.202406191623/tools/bin/../lib/gcc/arm-none-eabi/12.3.1/../../../../arm-none-eabi/lib/thumb/v7-m/nofp\libc_nano.a(libc_a-mprec.o)
                0x0800930c                __mcmp
 *fill*         0x08009342        0x2 
 .text.__mdiff  0x08009344      0x128 D:/STM32CubeIDE_1.15.1/STM32CubeIDE/plugins/com.st.stm32cube.ide.mcu.externaltools.gnu-tools-for-stm32.12.3.rel1.win32_1.0.200.202406191623/tools/bin/../lib/gcc/arm-none-eabi/12.3.1/../../../../arm-none-eabi/lib/thumb/v7-m/nofp\libc_nano.a(libc_a-mprec.o)
                0x08009344                __mdiff
 .text.__d2b    0x0800946c       0xb0 D:/STM32CubeIDE_1.15.1/STM32CubeIDE/plugins/com.st.stm32cube.ide.mcu.externaltools.gnu-tools-for-stm32.12.3.rel1.win32_1.0.200.202406191623/tools/bin/../lib/gcc/arm-none-eabi/12.3.1/../../../../arm-none-eabi/lib/thumb/v7-m/nofp\libc_nano.a(libc_a-mprec.o)
                0x0800946c                __d2b
 .text.__ssputs_r
                0x0800951c       0xb6 D:/STM32CubeIDE_1.15.1/STM32CubeIDE/plugins/com.st.stm32cube.ide.mcu.externaltools.gnu-tools-for-stm32.12.3.rel1.win32_1.0.200.202406191623/tools/bin/../lib/gcc/arm-none-eabi/12.3.1/../../../../arm-none-eabi/lib/thumb/v7-m/nofp\libc_nano.a(libc_a-nano-svfprintf.o)
                0x0800951c                __ssputs_r
 *fill*         0x080095d2        0x2 
 .text._svfprintf_r
                0x080095d4      0x1f8 D:/STM32CubeIDE_1.15.1/STM32CubeIDE/plugins/com.st.stm32cube.ide.mcu.externaltools.gnu-tools-for-stm32.12.3.rel1.win32_1.0.200.202406191623/tools/bin/../lib/gcc/arm-none-eabi/12.3.1/../../../../arm-none-eabi/lib/thumb/v7-m/nofp\libc_nano.a(libc_a-nano-svfprintf.o)
                0x080095d4                _svfiprintf_r
                0x080095d4                _svfprintf_r
 .text.__sflush_r
                0x080097cc      0x100 D:/STM32CubeIDE_1.15.1/STM32CubeIDE/plugins/com.st.stm32cube.ide.mcu.externaltools.gnu-tools-for-stm32.12.3.rel1.win32_1.0.200.202406191623/tools/bin/../lib/gcc/arm-none-eabi/12.3.1/../../../../arm-none-eabi/lib/thumb/v7-m/nofp\libc_nano.a(libc_a-fflush.o)
                0x080097cc                __sflush_r
 .text._fflush_r
                0x080098cc       0x50 D:/STM32CubeIDE_1.15.1/STM32CubeIDE/plugins/com.st.stm32cube.ide.mcu.externaltools.gnu-tools-for-stm32.12.3.rel1.win32_1.0.200.202406191623/tools/bin/../lib/gcc/arm-none-eabi/12.3.1/../../../../arm-none-eabi/lib/thumb/v7-m/nofp\libc_nano.a(libc_a-fflush.o)
                0x080098cc                _fflush_r
 .text.memmove  0x0800991c       0x34 D:/STM32CubeIDE_1.15.1/STM32CubeIDE/plugins/com.st.stm32cube.ide.mcu.externaltools.gnu-tools-for-stm32.12.3.rel1.win32_1.0.200.202406191623/tools/bin/../lib/gcc/arm-none-eabi/12.3.1/../../../../arm-none-eabi/lib/thumb/v7-m/nofp\libc_nano.a(libc_a-memmove.o)
                0x0800991c                memmove
 .text._sbrk_r  0x08009950       0x20 D:/STM32CubeIDE_1.15.1/STM32CubeIDE/plugins/com.st.stm32cube.ide.mcu.externaltools.gnu-tools-for-stm32.12.3.rel1.win32_1.0.200.202406191623/tools/bin/../lib/gcc/arm-none-eabi/12.3.1/../../../../arm-none-eabi/lib/thumb/v7-m/nofp\libc_nano.a(libc_a-sbrkr.o)
                0x08009950                _sbrk_r
 .text.memcpy   0x08009970       0x1c D:/STM32CubeIDE_1.15.1/STM32CubeIDE/plugins/com.st.stm32cube.ide.mcu.externaltools.gnu-tools-for-stm32.12.3.rel1.win32_1.0.200.202406191623/tools/bin/../lib/gcc/arm-none-eabi/12.3.1/../../../../arm-none-eabi/lib/thumb/v7-m/nofp\libc_nano.a(libc_a-memcpy-stub.o)
                0x08009970                memcpy
 .text.__assert_func
                0x0800998c       0x3c D:/STM32CubeIDE_1.15.1/STM32CubeIDE/plugins/com.st.stm32cube.ide.mcu.externaltools.gnu-tools-for-stm32.12.3.rel1.win32_1.0.200.202406191623/tools/bin/../lib/gcc/arm-none-eabi/12.3.1/../../../../arm-none-eabi/lib/thumb/v7-m/nofp\libc_nano.a(libc_a-assert.o)
                0x0800998c                __assert_func
 .text._calloc_r
                0x080099c8       0x28 D:/STM32CubeIDE_1.15.1/STM32CubeIDE/plugins/com.st.stm32cube.ide.mcu.externaltools.gnu-tools-for-stm32.12.3.rel1.win32_1.0.200.202406191623/tools/bin/../lib/gcc/arm-none-eabi/12.3.1/../../../../arm-none-eabi/lib/thumb/v7-m/nofp\libc_nano.a(libc_a-callocr.o)
                0x080099c8                _calloc_r
 .text.__ascii_mbtowc
                0x080099f0       0x24 D:/STM32CubeIDE_1.15.1/STM32CubeIDE/plugins/com.st.stm32cube.ide.mcu.externaltools.gnu-tools-for-stm32.12.3.rel1.win32_1.0.200.202406191623/tools/bin/../lib/gcc/arm-none-eabi/12.3.1/../../../../arm-none-eabi/lib/thumb/v7-m/nofp\libc_nano.a(libc_a-mbtowc_r.o)
                0x080099f0                __ascii_mbtowc
 .text._realloc_r
                0x08009a14       0x5c D:/STM32CubeIDE_1.15.1/STM32CubeIDE/plugins/com.st.stm32cube.ide.mcu.externaltools.gnu-tools-for-stm32.12.3.rel1.win32_1.0.200.202406191623/tools/bin/../lib/gcc/arm-none-eabi/12.3.1/../../../../arm-none-eabi/lib/thumb/v7-m/nofp\libc_nano.a(libc_a-reallocr.o)
                0x08009a14                _realloc_r
 .text.__ascii_wctomb
                0x08009a70       0x1a D:/STM32CubeIDE_1.15.1/STM32CubeIDE/plugins/com.st.stm32cube.ide.mcu.externaltools.gnu-tools-for-stm32.12.3.rel1.win32_1.0.200.202406191623/tools/bin/../lib/gcc/arm-none-eabi/12.3.1/../../../../arm-none-eabi/lib/thumb/v7-m/nofp\libc_nano.a(libc_a-wctomb_r.o)
                0x08009a70                __ascii_wctomb
 *fill*         0x08009a8a        0x2 
 .text.fprintf  0x08009a8c       0x24 D:/STM32CubeIDE_1.15.1/STM32CubeIDE/plugins/com.st.stm32cube.ide.mcu.externaltools.gnu-tools-for-stm32.12.3.rel1.win32_1.0.200.202406191623/tools/bin/../lib/gcc/arm-none-eabi/12.3.1/../../../../arm-none-eabi/lib/thumb/v7-m/nofp\libc_nano.a(libc_a-fprintf.o)
                0x08009a8c                fiprintf
                0x08009a8c                fprintf
 .text.abort    0x08009ab0        0xe D:/STM32CubeIDE_1.15.1/STM32CubeIDE/plugins/com.st.stm32cube.ide.mcu.externaltools.gnu-tools-for-stm32.12.3.rel1.win32_1.0.200.202406191623/tools/bin/../lib/gcc/arm-none-eabi/12.3.1/../../../../arm-none-eabi/lib/thumb/v7-m/nofp\libc_nano.a(libc_a-abort.o)
                0x08009ab0                abort
 .text._malloc_usable_size_r
                0x08009abe       0x10 D:/STM32CubeIDE_1.15.1/STM32CubeIDE/plugins/com.st.stm32cube.ide.mcu.externaltools.gnu-tools-for-stm32.12.3.rel1.win32_1.0.200.202406191623/tools/bin/../lib/gcc/arm-none-eabi/12.3.1/../../../../arm-none-eabi/lib/thumb/v7-m/nofp\libc_nano.a(libc_a-msizer.o)
                0x08009abe                _malloc_usable_size_r
 .text.__sfputc_r
                0x08009ace       0x2a D:/STM32CubeIDE_1.15.1/STM32CubeIDE/plugins/com.st.stm32cube.ide.mcu.externaltools.gnu-tools-for-stm32.12.3.rel1.win32_1.0.200.202406191623/tools/bin/../lib/gcc/arm-none-eabi/12.3.1/../../../../arm-none-eabi/lib/thumb/v7-m/nofp\libc_nano.a(libc_a-nano-vfprintf.o)
 .text.__sfputs_r
                0x08009af8       0x24 D:/STM32CubeIDE_1.15.1/STM32CubeIDE/plugins/com.st.stm32cube.ide.mcu.externaltools.gnu-tools-for-stm32.12.3.rel1.win32_1.0.200.202406191623/tools/bin/../lib/gcc/arm-none-eabi/12.3.1/../../../../arm-none-eabi/lib/thumb/v7-m/nofp\libc_nano.a(libc_a-nano-vfprintf.o)
                0x08009af8                __sfputs_r
 .text._vfprintf_r
                0x08009b1c      0x230 D:/STM32CubeIDE_1.15.1/STM32CubeIDE/plugins/com.st.stm32cube.ide.mcu.externaltools.gnu-tools-for-stm32.12.3.rel1.win32_1.0.200.202406191623/tools/bin/../lib/gcc/arm-none-eabi/12.3.1/../../../../arm-none-eabi/lib/thumb/v7-m/nofp\libc_nano.a(libc_a-nano-vfprintf.o)
                0x08009b1c                _vfprintf_r
                0x08009b1c                _vfiprintf_r
 .text.__swbuf_r
                0x08009d4c       0x7c D:/STM32CubeIDE_1.15.1/STM32CubeIDE/plugins/com.st.stm32cube.ide.mcu.externaltools.gnu-tools-for-stm32.12.3.rel1.win32_1.0.200.202406191623/tools/bin/../lib/gcc/arm-none-eabi/12.3.1/../../../../arm-none-eabi/lib/thumb/v7-m/nofp\libc_nano.a(libc_a-wbuf.o)
                0x08009d4c                __swbuf_r
 .text.__swsetup_r
                0x08009dc8       0xac D:/STM32CubeIDE_1.15.1/STM32CubeIDE/plugins/com.st.stm32cube.ide.mcu.externaltools.gnu-tools-for-stm32.12.3.rel1.win32_1.0.200.202406191623/tools/bin/../lib/gcc/arm-none-eabi/12.3.1/../../../../arm-none-eabi/lib/thumb/v7-m/nofp\libc_nano.a(libc_a-wsetup.o)
                0x08009dc8                __swsetup_r
 .text._raise_r
                0x08009e74       0x50 D:/STM32CubeIDE_1.15.1/STM32CubeIDE/plugins/com.st.stm32cube.ide.mcu.externaltools.gnu-tools-for-stm32.12.3.rel1.win32_1.0.200.202406191623/tools/bin/../lib/gcc/arm-none-eabi/12.3.1/../../../../arm-none-eabi/lib/thumb/v7-m/nofp\libc_nano.a(libc_a-signal.o)
                0x08009e74                _raise_r
 .text.raise    0x08009ec4       0x10 D:/STM32CubeIDE_1.15.1/STM32CubeIDE/plugins/com.st.stm32cube.ide.mcu.externaltools.gnu-tools-for-stm32.12.3.rel1.win32_1.0.200.202406191623/tools/bin/../lib/gcc/arm-none-eabi/12.3.1/../../../../arm-none-eabi/lib/thumb/v7-m/nofp\libc_nano.a(libc_a-signal.o)
                0x08009ec4                raise
 .text._kill_r  0x08009ed4       0x24 D:/STM32CubeIDE_1.15.1/STM32CubeIDE/plugins/com.st.stm32cube.ide.mcu.externaltools.gnu-tools-for-stm32.12.3.rel1.win32_1.0.200.202406191623/tools/bin/../lib/gcc/arm-none-eabi/12.3.1/../../../../arm-none-eabi/lib/thumb/v7-m/nofp\libc_nano.a(libc_a-signalr.o)
                0x08009ed4                _kill_r
 .text._getpid_r
                0x08009ef8        0x4 D:/STM32CubeIDE_1.15.1/STM32CubeIDE/plugins/com.st.stm32cube.ide.mcu.externaltools.gnu-tools-for-stm32.12.3.rel1.win32_1.0.200.202406191623/tools/bin/../lib/gcc/arm-none-eabi/12.3.1/../../../../arm-none-eabi/lib/thumb/v7-m/nofp\libc_nano.a(libc_a-signalr.o)
                0x08009ef8                _getpid_r
 .text.__swhatbuf_r
                0x08009efc       0x4a D:/STM32CubeIDE_1.15.1/STM32CubeIDE/plugins/com.st.stm32cube.ide.mcu.externaltools.gnu-tools-for-stm32.12.3.rel1.win32_1.0.200.202406191623/tools/bin/../lib/gcc/arm-none-eabi/12.3.1/../../../../arm-none-eabi/lib/thumb/v7-m/nofp\libc_nano.a(libc_a-makebuf.o)
                0x08009efc                __swhatbuf_r
 .text.__smakebuf_r
                0x08009f46       0x78 D:/STM32CubeIDE_1.15.1/STM32CubeIDE/plugins/com.st.stm32cube.ide.mcu.externaltools.gnu-tools-for-stm32.12.3.rel1.win32_1.0.200.202406191623/tools/bin/../lib/gcc/arm-none-eabi/12.3.1/../../../../arm-none-eabi/lib/thumb/v7-m/nofp\libc_nano.a(libc_a-makebuf.o)
                0x08009f46                __smakebuf_r
 *fill*         0x08009fbe        0x2 
 .text._fstat_r
                0x08009fc0       0x24 D:/STM32CubeIDE_1.15.1/STM32CubeIDE/plugins/com.st.stm32cube.ide.mcu.externaltools.gnu-tools-for-stm32.12.3.rel1.win32_1.0.200.202406191623/tools/bin/../lib/gcc/arm-none-eabi/12.3.1/../../../../arm-none-eabi/lib/thumb/v7-m/nofp\libc_nano.a(libc_a-fstatr.o)
                0x08009fc0                _fstat_r
 .text._isatty_r
                0x08009fe4       0x20 D:/STM32CubeIDE_1.15.1/STM32CubeIDE/plugins/com.st.stm32cube.ide.mcu.externaltools.gnu-tools-for-stm32.12.3.rel1.win32_1.0.200.202406191623/tools/bin/../lib/gcc/arm-none-eabi/12.3.1/../../../../arm-none-eabi/lib/thumb/v7-m/nofp\libc_nano.a(libc_a-isattyr.o)
                0x08009fe4                _isatty_r
 .text.asin     0x0800a004       0x50 D:/STM32CubeIDE_1.15.1/STM32CubeIDE/plugins/com.st.stm32cube.ide.mcu.externaltools.gnu-tools-for-stm32.12.3.rel1.win32_1.0.200.202406191623/tools/bin/../lib/gcc/arm-none-eabi/12.3.1/../../../../arm-none-eabi/lib/thumb/v7-m/nofp\libm.a(libm_a-w_asin.o)
                0x0800a004                asin
 .text.atan2    0x0800a054        0x4 D:/STM32CubeIDE_1.15.1/STM32CubeIDE/plugins/com.st.stm32cube.ide.mcu.externaltools.gnu-tools-for-stm32.12.3.rel1.win32_1.0.200.202406191623/tools/bin/../lib/gcc/arm-none-eabi/12.3.1/../../../../arm-none-eabi/lib/thumb/v7-m/nofp\libm.a(libm_a-w_atan2.o)
                0x0800a054                atan2
 .text.fabs     0x0800a058        0x8 D:/STM32CubeIDE_1.15.1/STM32CubeIDE/plugins/com.st.stm32cube.ide.mcu.externaltools.gnu-tools-for-stm32.12.3.rel1.win32_1.0.200.202406191623/tools/bin/../lib/gcc/arm-none-eabi/12.3.1/../../../../arm-none-eabi/lib/thumb/v7-m/nofp\libm.a(libm_a-s_fabs.o)
                0x0800a058                fabs
 .text.nan      0x0800a060        0xc D:/STM32CubeIDE_1.15.1/STM32CubeIDE/plugins/com.st.stm32cube.ide.mcu.externaltools.gnu-tools-for-stm32.12.3.rel1.win32_1.0.200.202406191623/tools/bin/../lib/gcc/arm-none-eabi/12.3.1/../../../../arm-none-eabi/lib/thumb/v7-m/nofp\libm.a(libm_a-s_nan.o)
                0x0800a060                nan
 *fill*         0x0800a06c        0x4 
 .text.__ieee754_asin
                0x0800a070      0x3f8 D:/STM32CubeIDE_1.15.1/STM32CubeIDE/plugins/com.st.stm32cube.ide.mcu.externaltools.gnu-tools-for-stm32.12.3.rel1.win32_1.0.200.202406191623/tools/bin/../lib/gcc/arm-none-eabi/12.3.1/../../../../arm-none-eabi/lib/thumb/v7-m/nofp\libm.a(libm_a-e_asin.o)
                0x0800a070                __ieee754_asin
 .text.__ieee754_atan2
                0x0800a468      0x1a4 D:/STM32CubeIDE_1.15.1/STM32CubeIDE/plugins/com.st.stm32cube.ide.mcu.externaltools.gnu-tools-for-stm32.12.3.rel1.win32_1.0.200.202406191623/tools/bin/../lib/gcc/arm-none-eabi/12.3.1/../../../../arm-none-eabi/lib/thumb/v7-m/nofp\libm.a(libm_a-e_atan2.o)
                0x0800a468                __ieee754_atan2
 *fill*         0x0800a60c        0x4 
 .text.atan     0x0800a610      0x320 D:/STM32CubeIDE_1.15.1/STM32CubeIDE/plugins/com.st.stm32cube.ide.mcu.externaltools.gnu-tools-for-stm32.12.3.rel1.win32_1.0.200.202406191623/tools/bin/../lib/gcc/arm-none-eabi/12.3.1/../../../../arm-none-eabi/lib/thumb/v7-m/nofp\libm.a(libm_a-s_atan.o)
                0x0800a610                atan
 .text.__ieee754_sqrt
                0x0800a930      0x1ac D:/STM32CubeIDE_1.15.1/STM32CubeIDE/plugins/com.st.stm32cube.ide.mcu.externaltools.gnu-tools-for-stm32.12.3.rel1.win32_1.0.200.202406191623/tools/bin/../lib/gcc/arm-none-eabi/12.3.1/../../../../arm-none-eabi/lib/thumb/v7-m/nofp\libm.a(libm_a-e_sqrt.o)
                0x0800a930                __ieee754_sqrt
 *(.glue_7)
 .glue_7        0x0800aadc        0x0 linker stubs
 *(.glue_7t)
 .glue_7t       0x0800aadc        0x0 linker stubs
 *(.eh_frame)
 .eh_frame      0x0800aadc        0x0 D:/STM32CubeIDE_1.15.1/STM32CubeIDE/plugins/com.st.stm32cube.ide.mcu.externaltools.gnu-tools-for-stm32.12.3.rel1.win32_1.0.200.202406191623/tools/bin/../lib/gcc/arm-none-eabi/12.3.1/thumb/v7-m/nofp/crtbegin.o
 *(.init)
 .init          0x0800aadc        0x4 D:/STM32CubeIDE_1.15.1/STM32CubeIDE/plugins/com.st.stm32cube.ide.mcu.externaltools.gnu-tools-for-stm32.12.3.rel1.win32_1.0.200.202406191623/tools/bin/../lib/gcc/arm-none-eabi/12.3.1/thumb/v7-m/nofp/crti.o
                0x0800aadc                _init
 .init          0x0800aae0        0x8 D:/STM32CubeIDE_1.15.1/STM32CubeIDE/plugins/com.st.stm32cube.ide.mcu.externaltools.gnu-tools-for-stm32.12.3.rel1.win32_1.0.200.202406191623/tools/bin/../lib/gcc/arm-none-eabi/12.3.1/thumb/v7-m/nofp/crtn.o
 *(.fini)
 .fini          0x0800aae8        0x4 D:/STM32CubeIDE_1.15.1/STM32CubeIDE/plugins/com.st.stm32cube.ide.mcu.externaltools.gnu-tools-for-stm32.12.3.rel1.win32_1.0.200.202406191623/tools/bin/../lib/gcc/arm-none-eabi/12.3.1/thumb/v7-m/nofp/crti.o
                0x0800aae8                _fini
 .fini          0x0800aaec        0x8 D:/STM32CubeIDE_1.15.1/STM32CubeIDE/plugins/com.st.stm32cube.ide.mcu.externaltools.gnu-tools-for-stm32.12.3.rel1.win32_1.0.200.202406191623/tools/bin/../lib/gcc/arm-none-eabi/12.3.1/thumb/v7-m/nofp/crtn.o
                0x0800aaf4                        . = ALIGN (0x4)
                0x0800aaf4                        _etext = .

.vfp11_veneer   0x0800aaf4        0x0
 .vfp11_veneer  0x0800aaf4        0x0 linker stubs

.v4_bx          0x0800aaf4        0x0
 .v4_bx         0x0800aaf4        0x0 linker stubs

.iplt           0x0800aaf4        0x0
 .iplt          0x0800aaf4        0x0 D:/STM32CubeIDE_1.15.1/STM32CubeIDE/plugins/com.st.stm32cube.ide.mcu.externaltools.gnu-tools-for-stm32.12.3.rel1.win32_1.0.200.202406191623/tools/bin/../lib/gcc/arm-none-eabi/12.3.1/thumb/v7-m/nofp/crtbegin.o

.rodata         0x0800aaf8     0x1998
                0x0800aaf8                        . = ALIGN (0x4)
 *(.rodata)
 *(.rodata*)
 .rodata.test   0x0800aaf8       0x28 ./Core/Src/inv_mpu.o
                0x0800aaf8                test
 .rodata.hw     0x0800ab20        0xc ./Core/Src/inv_mpu.o
                0x0800ab20                hw
 .rodata.reg    0x0800ab2c       0x1b ./Core/Src/inv_mpu.o
                0x0800ab2c                reg
 .rodata.dmp_enable_gyro_cal.part.0.str1.1
                0x0800ab47        0xa ./Core/Src/inv_mpu_dmp_motion_driver.o
 .rodata.dmp_set_orientation.str1.1
                0x0800ab51       0x10 ./Core/Src/inv_mpu_dmp_motion_driver.o
 .rodata.dmp_set_fifo_rate.str1.1
                0x0800ab61        0xd ./Core/Src/inv_mpu_dmp_motion_driver.o
 .rodata.dmp_enable_gyro_cal.str1.1
                0x0800ab6e        0xa ./Core/Src/inv_mpu_dmp_motion_driver.o
 .rodata.dmp_memory
                0x0800ab78      0xbf6 ./Core/Src/inv_mpu_dmp_motion_driver.o
 .rodata.Sensor_Display.str1.1
                0x0800b76e       0x7e ./Core/Src/main.o
 .rodata.Parameter_Display.str1.1
                0x0800b7ec       0x65 ./Core/Src/main.o
 .rodata.State_Display.str1.1
                0x0800b851       0x28 ./Core/Src/main.o
 .rodata.F8X16  0x0800b879      0x5e0 ./Core/Src/oled.o
                0x0800b879                F8X16
 .rodata.F6x8   0x0800be59      0x228 ./Core/Src/oled.o
                0x0800be59                F6x8
 .rodata.APBPrescTable
                0x0800c081        0x8 ./Core/Src/system_stm32f1xx.o
                0x0800c081                APBPrescTable
 .rodata.AHBPrescTable
                0x0800c089       0x10 ./Core/Src/system_stm32f1xx.o
                0x0800c089                AHBPrescTable
 .rodata.aPredivFactorTable.0
                0x0800c099        0x2 ./Drivers/STM32F1xx_HAL_Driver/Src/stm32f1xx_hal_rcc.o
 .rodata.aPLLMULFactorTable.1
                0x0800c09b       0x10 ./Drivers/STM32F1xx_HAL_Driver/Src/stm32f1xx_hal_rcc.o
 .rodata._printf_float.str1.1
                0x0800c0ab       0x12 D:/STM32CubeIDE_1.15.1/STM32CubeIDE/plugins/com.st.stm32cube.ide.mcu.externaltools.gnu-tools-for-stm32.12.3.rel1.win32_1.0.200.202406191623/tools/bin/../lib/gcc/arm-none-eabi/12.3.1/../../../../arm-none-eabi/lib/thumb/v7-m/nofp\libc_nano.a(libc_a-nano-vfprintf_float.o)
 .rodata._printf_i.str1.1
                0x0800c0bd       0x22 D:/STM32CubeIDE_1.15.1/STM32CubeIDE/plugins/com.st.stm32cube.ide.mcu.externaltools.gnu-tools-for-stm32.12.3.rel1.win32_1.0.200.202406191623/tools/bin/../lib/gcc/arm-none-eabi/12.3.1/../../../../arm-none-eabi/lib/thumb/v7-m/nofp\libc_nano.a(libc_a-nano-vfprintf_i.o)
 .rodata._dtoa_r.str1.1
                0x0800c0df       0x8d D:/STM32CubeIDE_1.15.1/STM32CubeIDE/plugins/com.st.stm32cube.ide.mcu.externaltools.gnu-tools-for-stm32.12.3.rel1.win32_1.0.200.202406191623/tools/bin/../lib/gcc/arm-none-eabi/12.3.1/../../../../arm-none-eabi/lib/thumb/v7-m/nofp\libc_nano.a(libc_a-dtoa.o)
                                 0x8f (size before relaxing)
 .rodata._Balloc.str1.1
                0x0800c16c       0x59 D:/STM32CubeIDE_1.15.1/STM32CubeIDE/plugins/com.st.stm32cube.ide.mcu.externaltools.gnu-tools-for-stm32.12.3.rel1.win32_1.0.200.202406191623/tools/bin/../lib/gcc/arm-none-eabi/12.3.1/../../../../arm-none-eabi/lib/thumb/v7-m/nofp\libc_nano.a(libc_a-mprec.o)
                                 0x70 (size before relaxing)
 .rodata.__multadd.str1.1
                0x0800c1c5       0x11 D:/STM32CubeIDE_1.15.1/STM32CubeIDE/plugins/com.st.stm32cube.ide.mcu.externaltools.gnu-tools-for-stm32.12.3.rel1.win32_1.0.200.202406191623/tools/bin/../lib/gcc/arm-none-eabi/12.3.1/../../../../arm-none-eabi/lib/thumb/v7-m/nofp\libc_nano.a(libc_a-mprec.o)
 *fill*         0x0800c1c5        0x3 
 .rodata.p05.0  0x0800c1c8        0xc D:/STM32CubeIDE_1.15.1/STM32CubeIDE/plugins/com.st.stm32cube.ide.mcu.externaltools.gnu-tools-for-stm32.12.3.rel1.win32_1.0.200.202406191623/tools/bin/../lib/gcc/arm-none-eabi/12.3.1/../../../../arm-none-eabi/lib/thumb/v7-m/nofp\libc_nano.a(libc_a-mprec.o)
 *fill*         0x0800c1d4        0x4 
 .rodata.__mprec_bigtens
                0x0800c1d8       0x28 D:/STM32CubeIDE_1.15.1/STM32CubeIDE/plugins/com.st.stm32cube.ide.mcu.externaltools.gnu-tools-for-stm32.12.3.rel1.win32_1.0.200.202406191623/tools/bin/../lib/gcc/arm-none-eabi/12.3.1/../../../../arm-none-eabi/lib/thumb/v7-m/nofp\libc_nano.a(libc_a-mprec.o)
                0x0800c1d8                __mprec_bigtens
 .rodata.__mprec_tens
                0x0800c200       0xc8 D:/STM32CubeIDE_1.15.1/STM32CubeIDE/plugins/com.st.stm32cube.ide.mcu.externaltools.gnu-tools-for-stm32.12.3.rel1.win32_1.0.200.202406191623/tools/bin/../lib/gcc/arm-none-eabi/12.3.1/../../../../arm-none-eabi/lib/thumb/v7-m/nofp\libc_nano.a(libc_a-mprec.o)
                0x0800c200                __mprec_tens
 .rodata._svfprintf_r.str1.1
                0x0800c2c8       0x11 D:/STM32CubeIDE_1.15.1/STM32CubeIDE/plugins/com.st.stm32cube.ide.mcu.externaltools.gnu-tools-for-stm32.12.3.rel1.win32_1.0.200.202406191623/tools/bin/../lib/gcc/arm-none-eabi/12.3.1/../../../../arm-none-eabi/lib/thumb/v7-m/nofp\libc_nano.a(libc_a-nano-svfprintf.o)
 .rodata._setlocale_r.str1.1
                0x0800c2d9        0x8 D:/STM32CubeIDE_1.15.1/STM32CubeIDE/plugins/com.st.stm32cube.ide.mcu.externaltools.gnu-tools-for-stm32.12.3.rel1.win32_1.0.200.202406191623/tools/bin/../lib/gcc/arm-none-eabi/12.3.1/../../../../arm-none-eabi/lib/thumb/v7-m/nofp\libc_nano.a(libc_a-locale.o)
                                  0x9 (size before relaxing)
 .rodata.str1.1
                0x0800c2e1        0x2 D:/STM32CubeIDE_1.15.1/STM32CubeIDE/plugins/com.st.stm32cube.ide.mcu.externaltools.gnu-tools-for-stm32.12.3.rel1.win32_1.0.200.202406191623/tools/bin/../lib/gcc/arm-none-eabi/12.3.1/../../../../arm-none-eabi/lib/thumb/v7-m/nofp\libc_nano.a(libc_a-locale.o)
 .rodata.__assert_func.str1.1
                0x0800c2e3       0x3c D:/STM32CubeIDE_1.15.1/STM32CubeIDE/plugins/com.st.stm32cube.ide.mcu.externaltools.gnu-tools-for-stm32.12.3.rel1.win32_1.0.200.202406191623/tools/bin/../lib/gcc/arm-none-eabi/12.3.1/../../../../arm-none-eabi/lib/thumb/v7-m/nofp\libc_nano.a(libc_a-assert.o)
                                 0x3d (size before relaxing)
 .rodata._ctype_
                0x0800c31f      0x101 D:/STM32CubeIDE_1.15.1/STM32CubeIDE/plugins/com.st.stm32cube.ide.mcu.externaltools.gnu-tools-for-stm32.12.3.rel1.win32_1.0.200.202406191623/tools/bin/../lib/gcc/arm-none-eabi/12.3.1/../../../../arm-none-eabi/lib/thumb/v7-m/nofp\libc_nano.a(libc_a-ctype_.o)
                0x0800c31f                _ctype_
 .rodata._vfprintf_r.str1.1
                0x0800c420       0x11 D:/STM32CubeIDE_1.15.1/STM32CubeIDE/plugins/com.st.stm32cube.ide.mcu.externaltools.gnu-tools-for-stm32.12.3.rel1.win32_1.0.200.202406191623/tools/bin/../lib/gcc/arm-none-eabi/12.3.1/../../../../arm-none-eabi/lib/thumb/v7-m/nofp\libc_nano.a(libc_a-nano-vfprintf.o)
 .rodata.asin.str1.1
                0x0800c420        0x1 D:/STM32CubeIDE_1.15.1/STM32CubeIDE/plugins/com.st.stm32cube.ide.mcu.externaltools.gnu-tools-for-stm32.12.3.rel1.win32_1.0.200.202406191623/tools/bin/../lib/gcc/arm-none-eabi/12.3.1/../../../../arm-none-eabi/lib/thumb/v7-m/nofp\libm.a(libm_a-w_asin.o)
 .rodata.CSWTCH.9
                0x0800c420       0x18 D:/STM32CubeIDE_1.15.1/STM32CubeIDE/plugins/com.st.stm32cube.ide.mcu.externaltools.gnu-tools-for-stm32.12.3.rel1.win32_1.0.200.202406191623/tools/bin/../lib/gcc/arm-none-eabi/12.3.1/../../../../arm-none-eabi/lib/thumb/v7-m/nofp\libm.a(libm_a-e_atan2.o)
 .rodata.CSWTCH.8
                0x0800c438       0x18 D:/STM32CubeIDE_1.15.1/STM32CubeIDE/plugins/com.st.stm32cube.ide.mcu.externaltools.gnu-tools-for-stm32.12.3.rel1.win32_1.0.200.202406191623/tools/bin/../lib/gcc/arm-none-eabi/12.3.1/../../../../arm-none-eabi/lib/thumb/v7-m/nofp\libm.a(libm_a-e_atan2.o)
 .rodata.atanlo
                0x0800c450       0x20 D:/STM32CubeIDE_1.15.1/STM32CubeIDE/plugins/com.st.stm32cube.ide.mcu.externaltools.gnu-tools-for-stm32.12.3.rel1.win32_1.0.200.202406191623/tools/bin/../lib/gcc/arm-none-eabi/12.3.1/../../../../arm-none-eabi/lib/thumb/v7-m/nofp\libm.a(libm_a-s_atan.o)
 .rodata.atanhi
                0x0800c470       0x20 D:/STM32CubeIDE_1.15.1/STM32CubeIDE/plugins/com.st.stm32cube.ide.mcu.externaltools.gnu-tools-for-stm32.12.3.rel1.win32_1.0.200.202406191623/tools/bin/../lib/gcc/arm-none-eabi/12.3.1/../../../../arm-none-eabi/lib/thumb/v7-m/nofp\libm.a(libm_a-s_atan.o)
                0x0800c490                        . = ALIGN (0x4)

.ARM.extab      0x0800c490        0x0
                0x0800c490                        . = ALIGN (0x4)
 *(.ARM.extab* .gnu.linkonce.armextab.*)
                0x0800c490                        . = ALIGN (0x4)

.ARM            0x0800c490        0x8
                0x0800c490                        . = ALIGN (0x4)
                0x0800c490                        __exidx_start = .
 *(.ARM.exidx*)
 .ARM.exidx     0x0800c490        0x8 D:/STM32CubeIDE_1.15.1/STM32CubeIDE/plugins/com.st.stm32cube.ide.mcu.externaltools.gnu-tools-for-stm32.12.3.rel1.win32_1.0.200.202406191623/tools/bin/../lib/gcc/arm-none-eabi/12.3.1/../../../../arm-none-eabi/lib/thumb/v7-m/nofp\libc_nano.a(libc_a-strlen.o)
 .ARM.exidx     0x0800c498        0x0 D:/STM32CubeIDE_1.15.1/STM32CubeIDE/plugins/com.st.stm32cube.ide.mcu.externaltools.gnu-tools-for-stm32.12.3.rel1.win32_1.0.200.202406191623/tools/bin/../lib/gcc/arm-none-eabi/12.3.1/thumb/v7-m/nofp\libgcc.a(_udivmoddi4.o)
                                  0x8 (size before relaxing)
                0x0800c498                        __exidx_end = .
                0x0800c498                        . = ALIGN (0x4)

.preinit_array  0x0800c498        0x0
                0x0800c498                        . = ALIGN (0x4)
                0x0800c498                        PROVIDE (__preinit_array_start = .)
 *(.preinit_array*)
                0x0800c498                        PROVIDE (__preinit_array_end = .)
                0x0800c498                        . = ALIGN (0x4)

.init_array     0x0800c498        0x4
                0x0800c498                        . = ALIGN (0x4)
                0x0800c498                        PROVIDE (__init_array_start = .)
 *(SORT_BY_NAME(.init_array.*))
 *(.init_array*)
 .init_array    0x0800c498        0x4 D:/STM32CubeIDE_1.15.1/STM32CubeIDE/plugins/com.st.stm32cube.ide.mcu.externaltools.gnu-tools-for-stm32.12.3.rel1.win32_1.0.200.202406191623/tools/bin/../lib/gcc/arm-none-eabi/12.3.1/thumb/v7-m/nofp/crtbegin.o
                0x0800c49c                        PROVIDE (__init_array_end = .)
                0x0800c49c                        . = ALIGN (0x4)

.fini_array     0x0800c49c        0x4
                0x0800c49c                        . = ALIGN (0x4)
                [!provide]                        PROVIDE (__fini_array_start = .)
 *(SORT_BY_NAME(.fini_array.*))
 *(.fini_array*)
 .fini_array    0x0800c49c        0x4 D:/STM32CubeIDE_1.15.1/STM32CubeIDE/plugins/com.st.stm32cube.ide.mcu.externaltools.gnu-tools-for-stm32.12.3.rel1.win32_1.0.200.202406191623/tools/bin/../lib/gcc/arm-none-eabi/12.3.1/thumb/v7-m/nofp/crtbegin.o
                [!provide]                        PROVIDE (__fini_array_end = .)
                0x0800c4a0                        . = ALIGN (0x4)
                0x0800c4a0                        _sidata = LOADADDR (.data)

.rel.dyn        0x0800c4a0        0x0
 .rel.iplt      0x0800c4a0        0x0 D:/STM32CubeIDE_1.15.1/STM32CubeIDE/plugins/com.st.stm32cube.ide.mcu.externaltools.gnu-tools-for-stm32.12.3.rel1.win32_1.0.200.202406191623/tools/bin/../lib/gcc/arm-none-eabi/12.3.1/thumb/v7-m/nofp/crtbegin.o

.data           0x20000000      0x280 load address 0x0800c4a0
                0x20000000                        . = ALIGN (0x4)
                0x20000000                        _sdata = .
 *(.data)
 *(.data*)
 .data.gyro_orientation
                0x20000000        0x9 ./Core/Src/inv_mpu.o
 *fill*         0x20000009        0x3 
 .data.st       0x2000000c       0x2c ./Core/Src/inv_mpu.o
 .data.CMD_Data
                0x20000038       0x1b ./Core/Src/oled.o
                0x20000038                CMD_Data
 *fill*         0x20000053        0x1 
 .data.PID_Parameter
                0x20000054       0x38 ./Core/Src/pid.o
                0x20000054                PID_Parameter
 .data.Velocity_KI
                0x2000008c        0x4 ./Core/Src/pid.o
                0x2000008c                Velocity_KI
 .data.Velocity_KP
                0x20000090        0x4 ./Core/Src/pid.o
                0x20000090                Velocity_KP
 .data.Vertical_KD
                0x20000094        0x4 ./Core/Src/pid.o
                0x20000094                Vertical_KD
 .data.Vertical_KP
                0x20000098        0x4 ./Core/Src/pid.o
                0x20000098                Vertical_KP
 .data.SystemCoreClock
                0x2000009c        0x4 ./Core/Src/system_stm32f1xx.o
                0x2000009c                SystemCoreClock
 .data.uwTickFreq
                0x200000a0        0x1 ./Drivers/STM32F1xx_HAL_Driver/Src/stm32f1xx_hal.o
                0x200000a0                uwTickFreq
 *fill*         0x200000a1        0x3 