../Core/Src/main.c:80:6:HAL_IncTick	4	static
../Core/Src/main.c:94:5:main	8	static
../Core/Src/main.c:168:6:SystemClock_Config	72	static
../Core/Src/main.c:208:13:MX_I2C1_Init	8	static
../Core/Src/main.c:242:13:MX_TIM1_Init	80	static
../Core/Src/main.c:311:13:MX_TIM2_Init	56	static
../Core/Src/main.c:360:13:MX_TIM3_Init	32	static
../Core/Src/main.c:405:13:MX_TIM4_Init	56	static
../Core/Src/main.c:454:13:MX_USART2_UART_Init	8	static
../Core/Src/main.c:487:13:MX_USART3_UART_Init	8	static
../Core/Src/main.c:520:13:MX_GPIO_Init	40	static
../Core/Src/main.c:596:6:Error_Handler	4	static,ignoring_inline_asm
