../Core/Src/main.c:87:5:main	8	static
../Core/Src/main.c:155:6:SystemClock_Config	72	static
../Core/Src/main.c:195:13:MX_I2C1_Init	8	static
../Core/Src/main.c:229:13:MX_TIM1_Init	80	static
../Core/Src/main.c:298:13:MX_TIM2_Init	56	static
../Core/Src/main.c:347:13:MX_TIM3_Init	32	static
../Core/Src/main.c:392:13:MX_TIM4_Init	56	static
../Core/Src/main.c:441:13:MX_USART2_UART_Init	8	static
../Core/Src/main.c:474:13:MX_USART3_UART_Init	8	static
../Core/Src/main.c:507:13:MX_GPIO_Init	40	static
../Core/Src/main.c:583:6:Error_Handler	4	static,ignoring_inline_asm
