../Core/Src/oled.c:15:6:WriteCmd	40	static
../Core/Src/oled.c:24:6:OLED_WR_CMD	32	static
../Core/Src/oled.c:29:6:OLED_WR_DATA	32	static
../Core/Src/oled.c:34:6:OLED_Init	8	static
../Core/Src/oled.c:41:6:OLED_Clear	16	static
../Core/Src/oled.c:54:6:OLED_Display_On	8	static
../Core/Src/oled.c:61:6:OLED_Display_Off	8	static
../Core/Src/oled.c:67:6:OLED_Set_Pos	8	static
../Core/Src/oled.c:74:6:OLED_On	16	static
../Core/Src/oled.c:86:14:oled_pow	0	static
../Core/Src/oled.c:122:6:OLED_ShowChar	32	static
../Core/Src/oled.c:98:6:OLED_ShowNum	48	static
../Core/Src/oled.c:145:6:OLED_ShowString	24	static
../Core/Src/oled.c:157:6:OLED_ShowCHinese	32	static
